<html>
<body>
<pre>
<h1>µVision Build Log</h1>
<h2>Tool Versions:</h2>
IDE-Version: µVision V5.12.0.0
Copyright (C) 2014 ARM Ltd and ARM Germany GmbH. All rights reserved.
License Information: Imran Charania, Cirkyt Technologies, Inc., LIC=----
 
Tool Versions:
Toolchain:       MDK-Lite  Version: 5.12.0.0
Toolchain Path:  C:\Keil_v5\ARM\ARMCC\Bin
C Compiler:      Armcc.exe V5.05 (build 41)
Assembler:       Armasm.exe V5.05 (build 41)
Linker/Locator:  ArmLink.exe V5.05 (build 41)
Library Manager: ArmAr.exe V5.05 (build 41)
Hex Converter:   FromElf.exe V5.05 (build 41)
CPU DLL:         SARMCM3.DLL V5.12.0.0
Dialog DLL:      DARMCM1.DLL V1.11.00.0
    Target DLL: Segger\JL2CM3.dll
Dialog DLL:      TARMCM1.DLL V1.08.00.0
 
<h2>Project:</h2>
C:\Users\Imran\Downloads\nrf51_sdk_v6_1_0_b2ec2e6\nrf51822\Board\nrf6310\s110\ble_app_hrs - Copy\arm\ble_app_hrs.uvprojx
Project File Date:  12/03/2014

<h2>Output:</h2>
Build target 'nrf51822_xxaa_s110 (256K)'
creating preprocessor file for main.c...
compiling main.c...
..\main.c(107): warning:  #550-D: variable "m_memory_access_in_progress" was set but never used
  static bool                                  m_memory_access_in_progress = false;       /**< Flag to keep track of ongoing operations on persistent memory. */
..\main.c: 1 warning, 0 errors
linking...
Program Size: Code=15532 RO-data=244 RW-data=216 ZI-data=5480  
FromELF: creating hex file...
".\_build\ble_app_hrs.axf" - 0 Error(s), 1 Warning(s).

<h2>Software Packages used:</h2>

Package Vendor: ARM
                http://www.keil.com/pack/ARM.CMSIS.4.2.0.pack
                ARM::CMSIS:CORE:3.40.0
                CMSIS (Cortex Microcontroller Software Interface Standard)
   * Component: CORE Version: 3.40.0

Package Vendor: NordicSemiconductor
                http://developer.nordicsemi.com/nRF51_SDK/pieces/nRF_DeviceFamilyPack/NordicSemiconductor.nRF_DeviceFamilyPack.1.1.4.pack
                NordicSemiconductor::Device:Startup:1.0.1
                Nordic Semiconductor nRF ARM devices Device Family Pack.
   * Component: Startup Version: 1.0.1

<h2>Collection of Component include folders:</h2>
  C:\Users\Imran\Downloads\nrf51_sdk_v6_1_0_b2ec2e6\nrf51822\Board\nrf6310\s110\ble_app_hrs - Copy\arm\RTE
  C:\Keil_v5\ARM\PACK\ARM\CMSIS\4.2.0\CMSIS\Include
  C:\Keil_v5\ARM\PACK\NordicSemiconductor\nRF_DeviceFamilyPack\1.1.4\Device\Include

<h2>Collection of Component Files used:</h2>

   * Component: ARM::CMSIS:CORE:3.40.0
      Source file:   CMSIS\UserCodeTemplates\ARM\ITM_Retarget.c

   * Component: NordicSemiconductor::Device:Startup:1.0.1
      Source file:   Device\Source\system_nrf51.c
      Include file:  Device\Include\system_nrf51.h
      Source file:   Device\Source\arm\arm_startup_nrf51.s
Load "C:\\Users\\Imran\\Downloads\\nrf51_sdk_v6_1_0_b2ec2e6\\nrf51822\\Board\\nrf6310\\s110\\ble_app_hrs - Copy\\arm\\_build\\ble_app_hrs.axf" 
Set JLink Project File to "C:\Users\Imran\Downloads\nrf51_sdk_v6_1_0_b2ec2e6\nrf51822\Board\nrf6310\s110\ble_app_hrs - Copy\arm\JLinkSettings.ini"
* JLink Info: Device "NRF51822_XXAA" selected (257 KB flash, 16 KB RAM).
 
JLink info:
------------
DLL: V4.92 , compiled Sep 30 2014 09:33:42
Firmware: J-Link OB-SAM3U128 V1 compiled Aug 22 2014 17:25:44
Hardware: V1.00
S/N : 480109181 
 
* JLink Info: Found SWD-DP with ID 0x0BB11477
* JLink Info: Found Cortex-M0 r0p0, Little endian.
* JLink Info: FPUnit: 4 code (BP) slots and 0 literal slots
ROMTableAddr = 0xE00FF003
 
Target info:
------------
Device: nRF51822_xxAA
VTarget = 3.300V
State of Pins: 
TCK: 0, TDI: 0, TDO: 1, TMS: 1, TRES: 1, TRST: 1
Hardware-Breakpoints: 4
Software-Breakpoints: 8192
Watchpoints:          2
JTAG speed: 2000 kHz
 
Erase Failed!
Error: Flash Download failed  -  "Cortex-M0"
Load "C:\\Users\\Imran\\Downloads\\nrf51_sdk_v6_1_0_b2ec2e6\\nrf51822\\Board\\nrf6310\\s110\\ble_app_hrs - Copy\\arm\\_build\\ble_app_hrs.axf" 
Set JLink Project File to "C:\Users\Imran\Downloads\nrf51_sdk_v6_1_0_b2ec2e6\nrf51822\Board\nrf6310\s110\ble_app_hrs - Copy\arm\JLinkSettings.ini"
* JLink Info: Device "NRF51822_XXAA" selected (257 KB flash, 16 KB RAM).
 
JLink info:
------------
DLL: V4.92 , compiled Sep 30 2014 09:33:42
Firmware: J-Link Lite-Cortex-M V8 compiled Jul 17 2014 11:40:12
Hardware: V8.00
S/N : 518006242 
Feature(s) : GDB 
 
* JLink Info: Found SWD-DP with ID 0x0BB11477
* JLink Info: Found Cortex-M0 r0p0, Little endian.
* JLink Info: FPUnit: 4 code (BP) slots and 0 literal slots
ROMTableAddr = 0xE00FF003
 
Target info:
------------
Device: nRF51822_xxAA
VTarget = 3.313V
State of Pins: 
TCK: 0, TDI: 0, TDO: 1, TMS: 1, TRES: 1, TRST: 1
Hardware-Breakpoints: 4
Software-Breakpoints: 8192
Watchpoints:          2
JTAG speed: 2000 kHz
 
Erase Done.
Programming Done.
Verify OK.
Application running ...
</pre>
</body>
</html>
