Component: ARM Compiler 5.05 (build 41) Tool: armlink [4d0eb9]

==============================================================================

Section Cross References

    arm_startup_nrf51.o(STACK) refers (Special) to heapauxi.o(.text) for __use_two_region_memory
    arm_startup_nrf51.o(HEAP) refers (Special) to heapauxi.o(.text) for __use_two_region_memory
    arm_startup_nrf51.o(RESET) refers (Special) to heapauxi.o(.text) for __use_two_region_memory
    arm_startup_nrf51.o(RESET) refers to arm_startup_nrf51.o(STACK) for __initial_sp
    arm_startup_nrf51.o(RESET) refers to arm_startup_nrf51.o(.text) for Reset_Handler
    arm_startup_nrf51.o(RESET) refers to app_timer.o(.text) for RTC1_IRQHandler
    arm_startup_nrf51.o(RESET) refers to softdevice_handler.o(.text) for SWI2_IRQHandler
    arm_startup_nrf51.o(.text) refers (Special) to heapauxi.o(.text) for __use_two_region_memory
    arm_startup_nrf51.o(.text) refers to system_nrf51.o(.text) for SystemInit
    arm_startup_nrf51.o(.text) refers to __main.o(!!!main) for __main
    arm_startup_nrf51.o(.text) refers to arm_startup_nrf51.o(HEAP) for Heap_Mem
    arm_startup_nrf51.o(.text) refers to arm_startup_nrf51.o(STACK) for Stack_Mem
    system_nrf51.o(.text) refers to system_nrf51.o(.data) for SystemCoreClock
    main.o(.text) refers to ble_sensorsim.o(.text) for ble_sensorsim_measure
    main.o(.text) refers to ble_bas.o(.text) for ble_bas_battery_level_update
    main.o(.text) refers to ble_hrs.o(.text) for ble_hrs_heart_rate_measurement_send
    main.o(.text) refers to aeabi_sdiv.o(.text) for __aeabi_uidivmod
    main.o(.text) refers to app_timer.o(.text) for app_timer_init
    main.o(.text) refers to rt_memclr.o(.text) for __aeabi_memclr4
    main.o(.text) refers to ble_advdata.o(.text) for ble_advdata_set
    main.o(.text) refers to main.o(.bss) for m_battery_sim_cfg
    main.o(.text) refers to main.o(.data) for m_battery_sim_state
    main.o(.text) refers to main.o(.constdata) for .constdata
    main.o(.text) refers to ble_srv_common.o(.text) for ble_srv_ascii_to_utf8
    main.o(.text) refers to ble_dis.o(.text) for ble_dis_init
    main.o(.text) refers to pstorage.o(.text) for pstorage_access_status_get
    main.o(.text) refers to ble_conn_params.o(.text) for ble_conn_params_init
    main.o(.text) refers to device_manager_peripheral.o(.text) for dm_ble_evt_handler
    main.o(.text) refers to softdevice_handler.o(.text) for softdevice_handler_init
    ble_dis.o(.text) refers to main.o(.text) for app_error_handler
    ble_dis.o(.text) refers to rt_memclr.o(.text) for __aeabi_memclr4
    ble_dis.o(.text) refers to ble_dis.o(.data) for service_handle
    ble_bas.o(.text) refers to rt_memclr.o(.text) for __aeabi_memclr4
    ble_bas.o(.text) refers to ble_srv_common.o(.text) for ble_srv_report_ref_encode
    ble_hrs.o(.text) refers to rt_memmove.o(.text) for __aeabi_memmove
    ble_hrs.o(.text) refers to rt_memclr.o(.text) for __aeabi_memclr4
    ble_error_log.o(.text) refers to rt_memcpy.o(.emb_text) for __aeabi_memcpy4
    ble_error_log.o(.text) refers to strncpy.o(.text) for strncpy
    ble_error_log.o(.text) refers to arm_startup_nrf51.o(RESET) for __Vectors
    ble_error_log.o(.text) refers to ble_error_log.o(.bss) for m_ble_error_log
    ble_advdata.o(.text) refers to rt_memcpy.o(.text) for __aeabi_memcpy
    ble_srv_common.o(.text) refers to main.o(.text) for app_error_handler
    ble_srv_common.o(.text) refers to strlen.o(.text) for strlen
    app_timer.o(.text) refers to app_timer.o(.emb_text) for __asm___11_app_timer_c_cd27f9c3__nrf_delay_us
    app_timer.o(.text) refers to main.o(.text) for app_error_handler
    app_timer.o(.text) refers to app_timer.o(.data) for m_rtc1_running
    softdevice_handler.o(.text) refers to main.o(.text) for assert_nrf_callback
    softdevice_handler.o(.text) refers to softdevice_handler.o(.data) for m_softdevice_enabled
    ble_conn_params.o(.text) refers to rt_memcpy.o(.emb_text) for __aeabi_memcpy4
    ble_conn_params.o(.text) refers to rt_memcpy.o(.text) for __aeabi_memcpy
    ble_conn_params.o(.text) refers to app_timer.o(.text) for app_timer_create
    ble_conn_params.o(.text) refers to ble_conn_params.o(.data) for m_preferred_conn_params
    ble_conn_params.o(.text) refers to ble_conn_params.o(.bss) for m_conn_params_config
    pstorage.o(.text) refers to pstorage.o(i.__ARM_common_switch8) for __ARM_common_switch8
    pstorage.o(.text) refers to aeabi_sdiv.o(.text) for __aeabi_uidivmod
    pstorage.o(.text) refers to pstorage.o(.bss) for m_cmd_queue
    pstorage.o(.text) refers to pstorage.o(.data) for m_round_val
    pstorage.o(.text) refers to rt_memcpy.o(.text) for __aeabi_memcpy
    ble_debug_assert_handler.o(.text) refers to strncpy.o(.text) for strncpy
    ble_debug_assert_handler.o(.text) refers to ble_debug_assert_handler.o(.bss) for s_file_name
    ble_debug_assert_handler.o(.text) refers to ble_debug_assert_handler.o(.data) for s_line_num
    simple_uart.o(.text) refers to simple_uart.o(.emb_text) for __asm___13_simple_uart_c_5dda6715__nrf_delay_us
    device_manager_peripheral.o(.text) refers to rt_memclr.o(.text) for __aeabi_memclr
    device_manager_peripheral.o(.text) refers to pstorage.o(.text) for pstorage_block_identifier_get
    device_manager_peripheral.o(.text) refers to memcmp.o(.text) for memcmp
    device_manager_peripheral.o(.text) refers to rt_memcpy.o(.emb_text) for __aeabi_memcpy4
    device_manager_peripheral.o(.text) refers to main.o(.text) for app_error_handler
    device_manager_peripheral.o(.text) refers to aeabi_sdiv.o(.text) for __aeabi_uidivmod
    device_manager_peripheral.o(.text) refers to device_manager_peripheral.o(.bss) for m_connection_table
    device_manager_peripheral.o(.text) refers to device_manager_peripheral.o(.data) for m_storage_handle
    device_manager_peripheral.o(.text) refers to device_manager_peripheral.o(.conststring) for .conststring
    device_manager_peripheral.o(.text) refers to rt_memcpy.o(.text) for __aeabi_memcpy
    device_manager_peripheral.o(.text) refers to device_manager_peripheral.o(.constdata) for m_service_context_store
    device_manager_peripheral.o(.constdata) refers to device_manager_peripheral.o(.text) for no_service_context_store
    rt_memcpy.o(.text) refers to rt_memcpy.o(.emb_text) for __aeabi_memcpy4
    rt_memmove.o(.text) refers to rt_memcpy.o(.emb_text) for __aeabi_memcpy4
    rt_memmove.o(.text) refers to rt_memcpy.o(.text) for __aeabi_memcpy
    strncpy.o(.text) refers to rt_memclr.o(.text) for __rt_memclr
    __main.o(!!!main) refers to __rtentry.o(.ARM.Collect$$rtentry$$00000000) for __rt_entry
    __rtentry.o(.ARM.Collect$$rtentry$$00000000) refers (Special) to __rtentry2.o(.ARM.Collect$$rtentry$$0000000A) for __rt_entry_li
    __rtentry.o(.ARM.Collect$$rtentry$$00000000) refers (Special) to __rtentry2.o(.ARM.Collect$$rtentry$$0000000D) for __rt_entry_main
    __rtentry.o(.ARM.Collect$$rtentry$$00000000) refers (Special) to __rtentry2.o(.ARM.Collect$$rtentry$$0000000C) for __rt_entry_postli_1
    __rtentry.o(.ARM.Collect$$rtentry$$00000000) refers (Special) to __rtentry2.o(.ARM.Collect$$rtentry$$00000009) for __rt_entry_postsh_1
    __rtentry.o(.ARM.Collect$$rtentry$$00000000) refers (Special) to __rtentry2.o(.ARM.Collect$$rtentry$$00000002) for __rt_entry_presh_1
    __rtentry.o(.ARM.Collect$$rtentry$$00000000) refers (Special) to __rtentry4.o(.ARM.Collect$$rtentry$$00000004) for __rt_entry_sh
    aeabi_idiv0_sigfpe.o(.text) refers to rt_div0.o(.text) for __rt_div0
    __rtentry2.o(.ARM.Collect$$rtentry$$00000008) refers to boardinit2.o(.text) for _platform_post_stackheap_init
    __rtentry2.o(.ARM.Collect$$rtentry$$0000000A) refers to libinit.o(.ARM.Collect$$libinit$$00000000) for __rt_lib_init
    __rtentry2.o(.ARM.Collect$$rtentry$$0000000B) refers to boardinit3.o(.text) for _platform_post_lib_init
    __rtentry2.o(.ARM.Collect$$rtentry$$0000000D) refers to main.o(.text) for main
    __rtentry2.o(.ARM.Collect$$rtentry$$0000000D) refers to exit.o(.text) for exit
    __rtentry2.o(.ARM.exidx) refers to __rtentry2.o(.ARM.Collect$$rtentry$$00000001) for .ARM.Collect$$rtentry$$00000001
    __rtentry2.o(.ARM.exidx) refers to __rtentry2.o(.ARM.Collect$$rtentry$$00000008) for .ARM.Collect$$rtentry$$00000008
    __rtentry2.o(.ARM.exidx) refers to __rtentry2.o(.ARM.Collect$$rtentry$$0000000A) for .ARM.Collect$$rtentry$$0000000A
    __rtentry2.o(.ARM.exidx) refers to __rtentry2.o(.ARM.Collect$$rtentry$$0000000B) for .ARM.Collect$$rtentry$$0000000B
    __rtentry2.o(.ARM.exidx) refers to __rtentry2.o(.ARM.Collect$$rtentry$$0000000D) for .ARM.Collect$$rtentry$$0000000D
    __rtentry4.o(.ARM.Collect$$rtentry$$00000004) refers to sys_stackheap_outer.o(.text) for __user_setup_stackheap
    __rtentry4.o(.ARM.exidx) refers to __rtentry4.o(.ARM.Collect$$rtentry$$00000004) for .ARM.Collect$$rtentry$$00000004
    rt_div0.o(.text) refers to defsig_fpe_outer.o(.text) for __rt_SIGFPE
    sys_stackheap_outer.o(.text) refers to libspace.o(.text) for __user_perproc_libspace
    sys_stackheap_outer.o(.text) refers to arm_startup_nrf51.o(.text) for __user_initial_stackheap
    sys_stackheap_outer.o(__vectab_stack_and_reset_area) refers to tempstk.o(.text) for __temporary_stack_top
    sys_stackheap_outer.o(__vectab_stack_and_reset_area) refers to __main.o(!!!main) for __main
    exit.o(.text) refers to rtexit.o(.ARM.Collect$$rtexit$$00000000) for __rt_exit
    defsig_fpe_outer.o(.text) refers to defsig_fpe_inner.o(.text) for __rt_SIGFPE_inner
    defsig_fpe_outer.o(.text) refers to defsig_exit.o(.text) for __sig_exit
    defsig_fpe_formal.o(.text) refers to rt_raise.o(.text) for __rt_raise
    libinit.o(.ARM.Collect$$libinit$$00000000) refers (Special) to libinit2.o(.ARM.Collect$$libinit$$0000002E) for __rt_lib_init_alloca_1
    libinit.o(.ARM.Collect$$libinit$$00000000) refers (Special) to libinit2.o(.ARM.Collect$$libinit$$0000002C) for __rt_lib_init_argv_1
    libinit.o(.ARM.Collect$$libinit$$00000000) refers (Special) to libinit2.o(.ARM.Collect$$libinit$$0000001B) for __rt_lib_init_atexit_1
    libinit.o(.ARM.Collect$$libinit$$00000000) refers (Special) to libinit2.o(.ARM.Collect$$libinit$$00000021) for __rt_lib_init_clock_1
    libinit.o(.ARM.Collect$$libinit$$00000000) refers (Special) to libinit2.o(.ARM.Collect$$libinit$$00000032) for __rt_lib_init_cpp_1
    libinit.o(.ARM.Collect$$libinit$$00000000) refers (Special) to libinit2.o(.ARM.Collect$$libinit$$00000030) for __rt_lib_init_exceptions_1
    libinit.o(.ARM.Collect$$libinit$$00000000) refers (Special) to libinit2.o(.ARM.Collect$$libinit$$00000002) for __rt_lib_init_fp_1
    libinit.o(.ARM.Collect$$libinit$$00000000) refers (Special) to libinit2.o(.ARM.Collect$$libinit$$0000001F) for __rt_lib_init_fp_trap_1
    libinit.o(.ARM.Collect$$libinit$$00000000) refers (Special) to libinit2.o(.ARM.Collect$$libinit$$00000023) for __rt_lib_init_getenv_1
    libinit.o(.ARM.Collect$$libinit$$00000000) refers (Special) to libinit2.o(.ARM.Collect$$libinit$$0000000A) for __rt_lib_init_heap_1
    libinit.o(.ARM.Collect$$libinit$$00000000) refers (Special) to libinit2.o(.ARM.Collect$$libinit$$00000011) for __rt_lib_init_lc_collate_1
    libinit.o(.ARM.Collect$$libinit$$00000000) refers (Special) to libinit2.o(.ARM.Collect$$libinit$$00000013) for __rt_lib_init_lc_ctype_1
    libinit.o(.ARM.Collect$$libinit$$00000000) refers (Special) to libinit2.o(.ARM.Collect$$libinit$$00000015) for __rt_lib_init_lc_monetary_1
    libinit.o(.ARM.Collect$$libinit$$00000000) refers (Special) to libinit2.o(.ARM.Collect$$libinit$$00000017) for __rt_lib_init_lc_numeric_1
    libinit.o(.ARM.Collect$$libinit$$00000000) refers (Special) to libinit2.o(.ARM.Collect$$libinit$$00000019) for __rt_lib_init_lc_time_1
    libinit.o(.ARM.Collect$$libinit$$00000000) refers (Special) to libinit2.o(.ARM.Collect$$libinit$$00000004) for __rt_lib_init_preinit_1
    libinit.o(.ARM.Collect$$libinit$$00000000) refers (Special) to libinit2.o(.ARM.Collect$$libinit$$0000000E) for __rt_lib_init_rand_1
    libinit.o(.ARM.Collect$$libinit$$00000000) refers (Special) to libinit2.o(.ARM.Collect$$libinit$$00000033) for __rt_lib_init_return
    libinit.o(.ARM.Collect$$libinit$$00000000) refers (Special) to libinit2.o(.ARM.Collect$$libinit$$0000001D) for __rt_lib_init_signal_1
    libinit.o(.ARM.Collect$$libinit$$00000000) refers (Special) to libinit2.o(.ARM.Collect$$libinit$$00000025) for __rt_lib_init_stdio_1
    libinit.o(.ARM.Collect$$libinit$$00000000) refers (Special) to libinit2.o(.ARM.Collect$$libinit$$0000000C) for __rt_lib_init_user_alloc_1
    libspace.o(.text) refers to libspace.o(.bss) for __libspace_start
    rtexit.o(.ARM.Collect$$rtexit$$00000000) refers (Special) to rtexit2.o(.ARM.Collect$$rtexit$$00000004) for __rt_exit_exit
    rtexit.o(.ARM.Collect$$rtexit$$00000000) refers (Special) to rtexit2.o(.ARM.Collect$$rtexit$$00000003) for __rt_exit_ls
    rtexit.o(.ARM.Collect$$rtexit$$00000000) refers (Special) to rtexit2.o(.ARM.Collect$$rtexit$$00000002) for __rt_exit_prels_1
    rtexit.o(.ARM.exidx) refers (Special) to rtexit2.o(.ARM.Collect$$rtexit$$00000004) for __rt_exit_exit
    rtexit.o(.ARM.exidx) refers (Special) to rtexit2.o(.ARM.Collect$$rtexit$$00000003) for __rt_exit_ls
    rtexit.o(.ARM.exidx) refers (Special) to rtexit2.o(.ARM.Collect$$rtexit$$00000002) for __rt_exit_prels_1
    rtexit.o(.ARM.exidx) refers to rtexit.o(.ARM.Collect$$rtexit$$00000000) for .ARM.Collect$$rtexit$$00000000
    rt_raise.o(.text) refers to __raise.o(.text) for __raise
    rt_raise.o(.text) refers to sys_exit.o(.text) for _sys_exit
    defsig_exit.o(.text) refers to sys_exit.o(.text) for _sys_exit
    defsig_fpe_inner.o(.text) refers to defsig_general.o(.text) for __default_signal_display
    libinit2.o(.ARM.Collect$$libinit$$00000010) refers to libinit2.o(.ARM.Collect$$libinit$$0000000F) for .ARM.Collect$$libinit$$0000000F
    libinit2.o(.ARM.Collect$$libinit$$00000012) refers to libinit2.o(.ARM.Collect$$libinit$$0000000F) for .ARM.Collect$$libinit$$0000000F
    libinit2.o(.ARM.Collect$$libinit$$00000014) refers to libinit2.o(.ARM.Collect$$libinit$$0000000F) for .ARM.Collect$$libinit$$0000000F
    libinit2.o(.ARM.Collect$$libinit$$00000016) refers to libinit2.o(.ARM.Collect$$libinit$$0000000F) for .ARM.Collect$$libinit$$0000000F
    libinit2.o(.ARM.Collect$$libinit$$00000018) refers to libinit2.o(.ARM.Collect$$libinit$$0000000F) for .ARM.Collect$$libinit$$0000000F
    libinit2.o(.ARM.Collect$$libinit$$00000026) refers to argv_veneer.o(.text) for __ARM_argv_veneer
    libinit2.o(.ARM.Collect$$libinit$$00000027) refers to argv_veneer.o(.text) for __ARM_argv_veneer
    sys_exit.o(.text) refers (Special) to use_no_semi.o(.text) for __I$use$semihosting
    sys_exit.o(.text) refers (Special) to indicate_semi.o(.text) for __semihosting_library_function
    rtexit2.o(.ARM.Collect$$rtexit$$00000003) refers to libshutdown.o(.ARM.Collect$$libshutdown$$00000000) for __rt_lib_shutdown
    rtexit2.o(.ARM.Collect$$rtexit$$00000004) refers to sys_exit.o(.text) for _sys_exit
    rtexit2.o(.ARM.exidx) refers to rtexit2.o(.ARM.Collect$$rtexit$$00000001) for .ARM.Collect$$rtexit$$00000001
    rtexit2.o(.ARM.exidx) refers to rtexit2.o(.ARM.Collect$$rtexit$$00000003) for .ARM.Collect$$rtexit$$00000003
    rtexit2.o(.ARM.exidx) refers to rtexit2.o(.ARM.Collect$$rtexit$$00000004) for .ARM.Collect$$rtexit$$00000004
    __raise.o(.text) refers to defsig.o(CL$$defsig) for __default_signal_handler
    defsig_general.o(.text) refers to sys_wrch.o(.text) for _ttywrch
    sys_wrch.o(.text) refers (Special) to use_no_semi.o(.text) for __I$use$semihosting
    sys_wrch.o(.text) refers (Special) to indicate_semi.o(.text) for __semihosting_library_function
    defsig.o(CL$$defsig) refers to defsig_fpe_inner.o(.text) for __rt_SIGFPE_inner
    defsig.o(CL$$defsig) refers to defsig_rtmem_inner.o(.text) for __rt_SIGRTMEM_inner
    _get_argv_nomalloc.o(.text) refers (Special) to hrguard.o(.text) for __heap_region$guard
    _get_argv_nomalloc.o(.text) refers to defsig_rtmem_outer.o(.text) for __rt_SIGRTMEM
    _get_argv_nomalloc.o(.text) refers to sys_command.o(.text) for _sys_command_string
    libshutdown.o(.ARM.Collect$$libshutdown$$00000000) refers (Special) to libshutdown2.o(.ARM.Collect$$libshutdown$$00000006) for __rt_lib_shutdown_fp_trap_1
    libshutdown.o(.ARM.Collect$$libshutdown$$00000000) refers (Special) to libshutdown2.o(.ARM.Collect$$libshutdown$$0000000E) for __rt_lib_shutdown_heap_1
    libshutdown.o(.ARM.Collect$$libshutdown$$00000000) refers (Special) to libshutdown2.o(.ARM.Collect$$libshutdown$$0000000F) for __rt_lib_shutdown_return
    libshutdown.o(.ARM.Collect$$libshutdown$$00000000) refers (Special) to libshutdown2.o(.ARM.Collect$$libshutdown$$00000009) for __rt_lib_shutdown_signal_1
    libshutdown.o(.ARM.Collect$$libshutdown$$00000000) refers (Special) to libshutdown2.o(.ARM.Collect$$libshutdown$$00000003) for __rt_lib_shutdown_stdio_1
    libshutdown.o(.ARM.Collect$$libshutdown$$00000000) refers (Special) to libshutdown2.o(.ARM.Collect$$libshutdown$$0000000B) for __rt_lib_shutdown_user_alloc_1
    sys_command.o(.text) refers (Special) to use_no_semi.o(.text) for __I$use$semihosting
    sys_command.o(.text) refers (Special) to indicate_semi.o(.text) for __semihosting_library_function
    defsig_abrt_inner.o(.text) refers to defsig_general.o(.text) for __default_signal_display
    defsig_rtred_inner.o(.text) refers to defsig_general.o(.text) for __default_signal_display
    defsig_rtmem_inner.o(.text) refers to defsig_general.o(.text) for __default_signal_display
    defsig_rtmem_outer.o(.text) refers to defsig_rtmem_inner.o(.text) for __rt_SIGRTMEM_inner
    defsig_rtmem_outer.o(.text) refers to defsig_exit.o(.text) for __sig_exit
    defsig_rtmem_formal.o(.text) refers to rt_raise.o(.text) for __rt_raise
    defsig_stak_inner.o(.text) refers to defsig_general.o(.text) for __default_signal_display
    defsig_pvfn_inner.o(.text) refers to defsig_general.o(.text) for __default_signal_display
    defsig_cppl_inner.o(.text) refers to defsig_general.o(.text) for __default_signal_display
    defsig_segv_inner.o(.text) refers to defsig_general.o(.text) for __default_signal_display
    defsig_other.o(.text) refers to defsig_general.o(.text) for __default_signal_display


==============================================================================

Removing Unused input sections from the image.

    Removing system_nrf51.o(.rev16_text), (4 bytes).
    Removing system_nrf51.o(.revsh_text), (4 bytes).
    Removing main.o(.rev16_text), (4 bytes).
    Removing main.o(.revsh_text), (4 bytes).
    Removing ble_error_log.o(.rev16_text), (4 bytes).
    Removing ble_error_log.o(.revsh_text), (4 bytes).
    Removing ble_error_log.o(.text), (96 bytes).
    Removing ble_error_log.o(.bss), (392 bytes).
    Removing app_timer.o(.rev16_text), (4 bytes).
    Removing app_timer.o(.revsh_text), (4 bytes).
    Removing softdevice_handler.o(.rev16_text), (4 bytes).
    Removing softdevice_handler.o(.revsh_text), (4 bytes).
    Removing pstorage.o(.rev16_text), (4 bytes).
    Removing pstorage.o(.revsh_text), (4 bytes).
    Removing crc16.o(.text), (68 bytes).
    Removing ble_debug_assert_handler.o(.rev16_text), (4 bytes).
    Removing ble_debug_assert_handler.o(.revsh_text), (4 bytes).
    Removing ble_debug_assert_handler.o(.text), (60 bytes).
    Removing ble_debug_assert_handler.o(.bss), (128 bytes).
    Removing ble_debug_assert_handler.o(.data), (8 bytes).
    Removing app_trace.o(.rev16_text), (4 bytes).
    Removing app_trace.o(.revsh_text), (4 bytes).
    Removing app_trace.o(.data), (8 bytes).
    Removing simple_uart.o(.rev16_text), (4 bytes).
    Removing simple_uart.o(.revsh_text), (4 bytes).
    Removing simple_uart.o(.emb_text), (30 bytes).
    Removing simple_uart.o(.text), (284 bytes).

27 unused section(s) (total 1146 bytes) removed from the image.

==============================================================================

Image Symbol Table

    Local Symbols

    Symbol Name                              Value     Ov Type        Size  Object(Section)

    ../clib/angel/boardlib.s                 0x00000000   Number         0  boardshut.o ABSOLUTE
    ../clib/angel/boardlib.s                 0x00000000   Number         0  boardinit3.o ABSOLUTE
    ../clib/angel/boardlib.s                 0x00000000   Number         0  boardinit1.o ABSOLUTE
    ../clib/angel/boardlib.s                 0x00000000   Number         0  boardinit2.o ABSOLUTE
    ../clib/angel/handlers.s                 0x00000000   Number         0  __scatter_copy.o ABSOLUTE
    ../clib/angel/handlers.s                 0x00000000   Number         0  __scatter_zi.o ABSOLUTE
    ../clib/angel/kernel.s                   0x00000000   Number         0  __rtentry.o ABSOLUTE
    ../clib/angel/kernel.s                   0x00000000   Number         0  __rtentry2.o ABSOLUTE
    ../clib/angel/kernel.s                   0x00000000   Number         0  __rtentry4.o ABSOLUTE
    ../clib/angel/kernel.s                   0x00000000   Number         0  rtexit2.o ABSOLUTE
    ../clib/angel/kernel.s                   0x00000000   Number         0  rtexit.o ABSOLUTE
    ../clib/angel/rt.s                       0x00000000   Number         0  aeabi_idiv0.o ABSOLUTE
    ../clib/angel/rt.s                       0x00000000   Number         0  aeabi_idiv0_sigfpe.o ABSOLUTE
    ../clib/angel/rt.s                       0x00000000   Number         0  rt_div0.o ABSOLUTE
    ../clib/angel/rt.s                       0x00000000   Number         0  rt_raise.o ABSOLUTE
    ../clib/angel/scatterp.s                 0x00000000   Number         0  __scatter.o ABSOLUTE
    ../clib/angel/startup.s                  0x00000000   Number         0  __main.o ABSOLUTE
    ../clib/angel/sys.s                      0x00000000   Number         0  sys_stackheap_outer.o ABSOLUTE
    ../clib/angel/sys.s                      0x00000000   Number         0  indicate_semi.o ABSOLUTE
    ../clib/angel/sys.s                      0x00000000   Number         0  use_no_semi.o ABSOLUTE
    ../clib/angel/sys.s                      0x00000000   Number         0  libspace.o ABSOLUTE
    ../clib/angel/sys.s                      0x00000000   Number         0  tempstk.o ABSOLUTE
    ../clib/angel/sysapp.c                   0x00000000   Number         0  sys_command.o ABSOLUTE
    ../clib/angel/sysapp.c                   0x00000000   Number         0  sys_wrch.o ABSOLUTE
    ../clib/angel/sysapp.c                   0x00000000   Number         0  sys_exit.o ABSOLUTE
    ../clib/armsys.c                         0x00000000   Number         0  no_argv.o ABSOLUTE
    ../clib/armsys.c                         0x00000000   Number         0  _get_argv_nomalloc.o ABSOLUTE
    ../clib/armsys.c                         0x00000000   Number         0  argv_veneer.o ABSOLUTE
    ../clib/division.s                       0x00000000   Number         0  aeabi_sdiv_div0.o ABSOLUTE
    ../clib/division.s                       0x00000000   Number         0  aeabi_sdiv.o ABSOLUTE
    ../clib/heapalloc.c                      0x00000000   Number         0  hrguard.o ABSOLUTE
    ../clib/heapaux.c                        0x00000000   Number         0  heapauxi.o ABSOLUTE
    ../clib/libinit.s                        0x00000000   Number         0  libinit.o ABSOLUTE
    ../clib/libinit.s                        0x00000000   Number         0  libshutdown2.o ABSOLUTE
    ../clib/libinit.s                        0x00000000   Number         0  libshutdown.o ABSOLUTE
    ../clib/libinit.s                        0x00000000   Number         0  libinit2.o ABSOLUTE
    ../clib/memcpset.c                       0x00000000   Number         0  rt_memclr.o ABSOLUTE
    ../clib/memcpset.c                       0x00000000   Number         0  rt_memmove.o ABSOLUTE
    ../clib/memcpset.c                       0x00000000   Number         0  rt_memcpy.o ABSOLUTE
    ../clib/memcpset.c                       0x00000000   Number         0  rt_memcpy.o ABSOLUTE
    ../clib/signal.c                         0x00000000   Number         0  defsig_cppl_inner.o ABSOLUTE
    ../clib/signal.c                         0x00000000   Number         0  defsig_segv_inner.o ABSOLUTE
    ../clib/signal.c                         0x00000000   Number         0  defsig_other.o ABSOLUTE
    ../clib/signal.c                         0x00000000   Number         0  defsig_fpe_formal.o ABSOLUTE
    ../clib/signal.c                         0x00000000   Number         0  defsig_rtmem_outer.o ABSOLUTE
    ../clib/signal.c                         0x00000000   Number         0  __raise.o ABSOLUTE
    ../clib/signal.c                         0x00000000   Number         0  defsig_exit.o ABSOLUTE
    ../clib/signal.c                         0x00000000   Number         0  defsig_fpe_inner.o ABSOLUTE
    ../clib/signal.c                         0x00000000   Number         0  defsig_abrt_inner.o ABSOLUTE
    ../clib/signal.c                         0x00000000   Number         0  defsig_rtred_inner.o ABSOLUTE
    ../clib/signal.c                         0x00000000   Number         0  defsig_rtmem_inner.o ABSOLUTE
    ../clib/signal.c                         0x00000000   Number         0  defsig_general.o ABSOLUTE
    ../clib/signal.c                         0x00000000   Number         0  defsig_rtmem_formal.o ABSOLUTE
    ../clib/signal.c                         0x00000000   Number         0  defsig_stak_inner.o ABSOLUTE
    ../clib/signal.c                         0x00000000   Number         0  defsig_fpe_outer.o ABSOLUTE
    ../clib/signal.c                         0x00000000   Number         0  defsig_pvfn_inner.o ABSOLUTE
    ../clib/signal.s                         0x00000000   Number         0  defsig.o ABSOLUTE
    ../clib/stdlib.c                         0x00000000   Number         0  exit.o ABSOLUTE
    ../clib/string.c                         0x00000000   Number         0  memcmp.o ABSOLUTE
    ../clib/string.c                         0x00000000   Number         0  strncpy.o ABSOLUTE
    ../clib/string.c                         0x00000000   Number         0  strlen.o ABSOLUTE
    ../fplib/cfplib/fpinit.c                 0x00000000   Number         0  fpinit.o ABSOLUTE
    ..\..\..\..\..\Source\app_common\app_timer.c 0x00000000   Number         0  app_timer.o ABSOLUTE
    ..\..\..\..\..\Source\app_common\app_trace.c 0x00000000   Number         0  app_trace.o ABSOLUTE
    ..\..\..\..\..\Source\app_common\crc16.c 0x00000000   Number         0  crc16.o ABSOLUTE
    ..\..\..\..\..\Source\app_common\pstorage.c 0x00000000   Number         0  pstorage.o ABSOLUTE
    ..\..\..\..\..\Source\ble\ble_advdata.c  0x00000000   Number         0  ble_advdata.o ABSOLUTE
    ..\..\..\..\..\Source\ble\ble_conn_params.c 0x00000000   Number         0  ble_conn_params.o ABSOLUTE
    ..\..\..\..\..\Source\ble\ble_debug_assert_handler.c 0x00000000   Number         0  ble_debug_assert_handler.o ABSOLUTE
    ..\..\..\..\..\Source\ble\ble_error_log.c 0x00000000   Number         0  ble_error_log.o ABSOLUTE
    ..\..\..\..\..\Source\ble\ble_sensorsim.c 0x00000000   Number         0  ble_sensorsim.o ABSOLUTE
    ..\..\..\..\..\Source\ble\ble_services\ble_bas.c 0x00000000   Number         0  ble_bas.o ABSOLUTE
    ..\..\..\..\..\Source\ble\ble_services\ble_dis.c 0x00000000   Number         0  ble_dis.o ABSOLUTE
    ..\..\..\..\..\Source\ble\ble_services\ble_hrs.c 0x00000000   Number         0  ble_hrs.o ABSOLUTE
    ..\..\..\..\..\Source\ble\ble_services\ble_srv_common.c 0x00000000   Number         0  ble_srv_common.o ABSOLUTE
    ..\..\..\..\..\Source\ble\device_manager\device_manager_peripheral.c 0x00000000   Number         0  device_manager_peripheral.o ABSOLUTE
    ..\..\..\..\..\Source\sd_common\softdevice_handler.c 0x00000000   Number         0  softdevice_handler.o ABSOLUTE
    ..\..\..\..\..\Source\simple_uart\simple_uart.c 0x00000000   Number         0  simple_uart.o ABSOLUTE
    ..\\..\\..\\..\\..\\Source\\app_common\\app_timer.c 0x00000000   Number         0  app_timer.o ABSOLUTE
    ..\\..\\..\\..\\..\\Source\\app_common\\app_trace.c 0x00000000   Number         0  app_trace.o ABSOLUTE
    ..\\..\\..\\..\\..\\Source\\app_common\\pstorage.c 0x00000000   Number         0  pstorage.o ABSOLUTE
    ..\\..\\..\\..\\..\\Source\\ble\\ble_debug_assert_handler.c 0x00000000   Number         0  ble_debug_assert_handler.o ABSOLUTE
    ..\\..\\..\\..\\..\\Source\\ble\\ble_error_log.c 0x00000000   Number         0  ble_error_log.o ABSOLUTE
    ..\\..\\..\\..\\..\\Source\\sd_common\\softdevice_handler.c 0x00000000   Number         0  softdevice_handler.o ABSOLUTE
    ..\\..\\..\\..\\..\\Source\\simple_uart\\simple_uart.c 0x00000000   Number         0  simple_uart.o ABSOLUTE
    ..\\main.c                               0x00000000   Number         0  main.o ABSOLUTE
    ..\main.c                                0x00000000   Number         0  main.o ABSOLUTE
    RTE\Device\nRF51822_xxAA\arm_startup_nrf51.s 0x00000000   Number         0  arm_startup_nrf51.o ABSOLUTE
    RTE\Device\nRF51822_xxAA\system_nrf51.c  0x00000000   Number         0  system_nrf51.o ABSOLUTE
    RTE\\Device\\nRF51822_xxAA\\system_nrf51.c 0x00000000   Number         0  system_nrf51.o ABSOLUTE
    dc.s                                     0x00000000   Number         0  dc.o ABSOLUTE
    RESET                                    0x00016000   Section      192  arm_startup_nrf51.o(RESET)
    !!!main                                  0x000160c0   Section        8  __main.o(!!!main)
    !!!scatter                               0x000160c8   Section       60  __scatter.o(!!!scatter)
    !!handler_copy                           0x00016104   Section       26  __scatter_copy.o(!!handler_copy)
    !!handler_zi                             0x00016120   Section       28  __scatter_zi.o(!!handler_zi)
    .ARM.Collect$$libinit$$00000000          0x0001613c   Section        2  libinit.o(.ARM.Collect$$libinit$$00000000)
    .ARM.Collect$$libinit$$00000002          0x0001613e   Section        0  libinit2.o(.ARM.Collect$$libinit$$00000002)
    .ARM.Collect$$libinit$$00000004          0x0001613e   Section        0  libinit2.o(.ARM.Collect$$libinit$$00000004)
    .ARM.Collect$$libinit$$0000000A          0x0001613e   Section        0  libinit2.o(.ARM.Collect$$libinit$$0000000A)
    .ARM.Collect$$libinit$$0000000C          0x0001613e   Section        0  libinit2.o(.ARM.Collect$$libinit$$0000000C)
    .ARM.Collect$$libinit$$0000000E          0x0001613e   Section        0  libinit2.o(.ARM.Collect$$libinit$$0000000E)
    .ARM.Collect$$libinit$$00000011          0x0001613e   Section        0  libinit2.o(.ARM.Collect$$libinit$$00000011)
    .ARM.Collect$$libinit$$00000013          0x0001613e   Section        0  libinit2.o(.ARM.Collect$$libinit$$00000013)
    .ARM.Collect$$libinit$$00000015          0x0001613e   Section        0  libinit2.o(.ARM.Collect$$libinit$$00000015)
    .ARM.Collect$$libinit$$00000017          0x0001613e   Section        0  libinit2.o(.ARM.Collect$$libinit$$00000017)
    .ARM.Collect$$libinit$$00000019          0x0001613e   Section        0  libinit2.o(.ARM.Collect$$libinit$$00000019)
    .ARM.Collect$$libinit$$0000001B          0x0001613e   Section        0  libinit2.o(.ARM.Collect$$libinit$$0000001B)
    .ARM.Collect$$libinit$$0000001D          0x0001613e   Section        0  libinit2.o(.ARM.Collect$$libinit$$0000001D)
    .ARM.Collect$$libinit$$0000001F          0x0001613e   Section        0  libinit2.o(.ARM.Collect$$libinit$$0000001F)
    .ARM.Collect$$libinit$$00000021          0x0001613e   Section        0  libinit2.o(.ARM.Collect$$libinit$$00000021)
    .ARM.Collect$$libinit$$00000023          0x0001613e   Section        0  libinit2.o(.ARM.Collect$$libinit$$00000023)
    .ARM.Collect$$libinit$$00000025          0x0001613e   Section        0  libinit2.o(.ARM.Collect$$libinit$$00000025)
    .ARM.Collect$$libinit$$0000002C          0x0001613e   Section        0  libinit2.o(.ARM.Collect$$libinit$$0000002C)
    .ARM.Collect$$libinit$$0000002E          0x0001613e   Section        0  libinit2.o(.ARM.Collect$$libinit$$0000002E)
    .ARM.Collect$$libinit$$00000030          0x0001613e   Section        0  libinit2.o(.ARM.Collect$$libinit$$00000030)
    .ARM.Collect$$libinit$$00000032          0x0001613e   Section        0  libinit2.o(.ARM.Collect$$libinit$$00000032)
    .ARM.Collect$$libinit$$00000033          0x0001613e   Section        2  libinit2.o(.ARM.Collect$$libinit$$00000033)
    .ARM.Collect$$libshutdown$$00000000      0x00016140   Section        2  libshutdown.o(.ARM.Collect$$libshutdown$$00000000)
    .ARM.Collect$$libshutdown$$00000003      0x00016142   Section        0  libshutdown2.o(.ARM.Collect$$libshutdown$$00000003)
    .ARM.Collect$$libshutdown$$00000006      0x00016142   Section        0  libshutdown2.o(.ARM.Collect$$libshutdown$$00000006)
    .ARM.Collect$$libshutdown$$00000009      0x00016142   Section        0  libshutdown2.o(.ARM.Collect$$libshutdown$$00000009)
    .ARM.Collect$$libshutdown$$0000000B      0x00016142   Section        0  libshutdown2.o(.ARM.Collect$$libshutdown$$0000000B)
    .ARM.Collect$$libshutdown$$0000000E      0x00016142   Section        0  libshutdown2.o(.ARM.Collect$$libshutdown$$0000000E)
    .ARM.Collect$$libshutdown$$0000000F      0x00016142   Section        2  libshutdown2.o(.ARM.Collect$$libshutdown$$0000000F)
    .ARM.Collect$$rtentry$$00000000          0x00016144   Section        0  __rtentry.o(.ARM.Collect$$rtentry$$00000000)
    .ARM.Collect$$rtentry$$00000002          0x00016144   Section        0  __rtentry2.o(.ARM.Collect$$rtentry$$00000002)
    .ARM.Collect$$rtentry$$00000004          0x00016144   Section        6  __rtentry4.o(.ARM.Collect$$rtentry$$00000004)
    .ARM.Collect$$rtentry$$00000009          0x0001614a   Section        0  __rtentry2.o(.ARM.Collect$$rtentry$$00000009)
    .ARM.Collect$$rtentry$$0000000A          0x0001614a   Section        4  __rtentry2.o(.ARM.Collect$$rtentry$$0000000A)
    .ARM.Collect$$rtentry$$0000000C          0x0001614e   Section        0  __rtentry2.o(.ARM.Collect$$rtentry$$0000000C)
    .ARM.Collect$$rtentry$$0000000D          0x0001614e   Section        8  __rtentry2.o(.ARM.Collect$$rtentry$$0000000D)
    .ARM.Collect$$rtexit$$00000000           0x00016156   Section        2  rtexit.o(.ARM.Collect$$rtexit$$00000000)
    .ARM.Collect$$rtexit$$00000002           0x00016158   Section        0  rtexit2.o(.ARM.Collect$$rtexit$$00000002)
    .ARM.Collect$$rtexit$$00000003           0x00016158   Section        4  rtexit2.o(.ARM.Collect$$rtexit$$00000003)
    .ARM.Collect$$rtexit$$00000004           0x0001615c   Section        6  rtexit2.o(.ARM.Collect$$rtexit$$00000004)
    .emb_text                                0x00016164   Section       30  app_timer.o(.emb_text)
    .emb_text                                0x00016184   Section       56  rt_memcpy.o(.emb_text)
    .text                                    0x000161bc   Section       84  arm_startup_nrf51.o(.text)
    .text                                    0x00016210   Section        0  system_nrf51.o(.text)
    is_disabled_in_debug_needed              0x00016219   Thumb Code    52  system_nrf51.o(.text)
    is_manual_peripheral_setup_needed        0x0001624d   Thumb Code   104  system_nrf51.o(.text)
    .text                                    0x000162f8   Section        0  main.o(.text)
    nrf_gpio_cfg_sense_input                 0x000162f9   Thumb Code    24  main.o(.text)
    battery_level_update                     0x0001639d   Thumb Code    58  main.o(.text)
    battery_level_meas_timeout_handler       0x000163d7   Thumb Code    10  main.o(.text)
    heart_rate_meas_timeout_handler          0x000163e1   Thumb Code    96  main.o(.text)
    rr_interval_timeout_handler              0x00016441   Thumb Code    34  main.o(.text)
    sensor_contact_detected_timeout_handler  0x00016463   Thumb Code    28  main.o(.text)
    leds_init                                0x0001647f   Thumb Code    22  main.o(.text)
    timers_init                              0x00016495   Thumb Code   202  main.o(.text)
    gap_params_init                          0x0001655f   Thumb Code   160  main.o(.text)
    advertising_init                         0x000165ff   Thumb Code   114  main.o(.text)
    services_init                            0x00016671   Thumb Code   626  main.o(.text)
    sensor_sim_init                          0x000168e3   Thumb Code    78  main.o(.text)
    application_timers_start                 0x00016931   Thumb Code   170  main.o(.text)
    advertising_start                        0x000169db   Thumb Code    92  main.o(.text)
    on_conn_params_evt                       0x00016a37   Thumb Code    48  main.o(.text)
    conn_params_error_handler                0x00016a67   Thumb Code    22  main.o(.text)
    conn_params_init                         0x00016a7d   Thumb Code    92  main.o(.text)
    on_ble_evt                               0x00016ad9   Thumb Code   102  main.o(.text)
    on_sys_evt                               0x00016b3f   Thumb Code    42  main.o(.text)
    ble_evt_dispatch                         0x00016b69   Thumb Code    40  main.o(.text)
    sys_evt_dispatch                         0x00016b91   Thumb Code    18  main.o(.text)
    ble_stack_init                           0x00016ba3   Thumb Code   270  main.o(.text)
    buttons_init                             0x00016cb1   Thumb Code    24  main.o(.text)
    device_manager_evt_handler               0x00016cc9   Thumb Code    36  main.o(.text)
    device_manager_init                      0x00016ced   Thumb Code   212  main.o(.text)
    power_manage                             0x00016dc1   Thumb Code    34  main.o(.text)
    nrf_gpio_cfg_output                      0x00016e1b   Thumb Code    18  main.o(.text)
    nrf_gpio_pin_set                         0x00016e2d   Thumb Code    10  main.o(.text)
    nrf_gpio_pin_clear                       0x00016e37   Thumb Code    10  main.o(.text)
    current_int_priority_get                 0x00016e41   Thumb Code    84  main.o(.text)
    .text                                    0x00016eb0   Section        0  ble_dis.o(.text)
    sys_id_encode                            0x00016eb1   Thumb Code   160  ble_dis.o(.text)
    pnp_id_encode                            0x00016f51   Thumb Code   152  ble_dis.o(.text)
    char_add                                 0x00016fe9   Thumb Code   232  ble_dis.o(.text)
    uint16_encode                            0x00017253   Thumb Code    18  ble_dis.o(.text)
    .text                                    0x000172c8   Section        0  ble_bas.o(.text)
    on_connect                               0x000172c9   Thumb Code     6  ble_bas.o(.text)
    on_disconnect                            0x000172cf   Thumb Code     8  ble_bas.o(.text)
    on_write                                 0x000172d7   Thumb Code    80  ble_bas.o(.text)
    battery_level_char_add                   0x00017361   Thumb Code   448  ble_bas.o(.text)
    .text                                    0x000175e8   Section        0  ble_hrs.o(.text)
    on_connect                               0x000175e9   Thumb Code     6  ble_hrs.o(.text)
    on_disconnect                            0x000175ef   Thumb Code     8  ble_hrs.o(.text)
    on_hrm_cccd_write                        0x000175f7   Thumb Code    62  ble_hrs.o(.text)
    on_write                                 0x00017635   Thumb Code    26  ble_hrs.o(.text)
    hrm_encode                               0x00017689   Thumb Code   186  ble_hrs.o(.text)
    heart_rate_measurement_char_add          0x00017743   Thumb Code   234  ble_hrs.o(.text)
    body_sensor_location_char_add            0x0001782d   Thumb Code   168  ble_hrs.o(.text)
    uint16_encode                            0x00017a1f   Thumb Code    18  ble_hrs.o(.text)
    .text                                    0x00017a3c   Section        0  ble_advdata.o(.text)
    name_encode                              0x00017a3d   Thumb Code   150  ble_advdata.o(.text)
    appearance_encode                        0x00017ad3   Thumb Code    74  ble_advdata.o(.text)
    uint8_array_encode                       0x00017b1d   Thumb Code    82  ble_advdata.o(.text)
    tx_power_level_encode                    0x00017b6f   Thumb Code    48  ble_advdata.o(.text)
    uuid_list_sized_encode                   0x00017b9f   Thumb Code   196  ble_advdata.o(.text)
    uuid_list_encode                         0x00017c63   Thumb Code    64  ble_advdata.o(.text)
    conn_int_check                           0x00017ca3   Thumb Code    88  ble_advdata.o(.text)
    conn_int_encode                          0x00017cfb   Thumb Code    92  ble_advdata.o(.text)
    manuf_specific_data_encode               0x00017d57   Thumb Code   106  ble_advdata.o(.text)
    service_data_encode                      0x00017dc1   Thumb Code   140  ble_advdata.o(.text)
    adv_data_encode                          0x00017e4d   Thumb Code   302  ble_advdata.o(.text)
    advdata_check                            0x00017f7b   Thumb Code    34  ble_advdata.o(.text)
    srdata_check                             0x00017f9d   Thumb Code    16  ble_advdata.o(.text)
    uint16_encode                            0x00018027   Thumb Code    18  ble_advdata.o(.text)
    .text                                    0x0001803c   Section        0  ble_srv_common.o(.text)
    .text                                    0x000180c4   Section        0  ble_sensorsim.o(.text)
    .text                                    0x00018128   Section        0  app_timer.o(.text)
    NVIC_SetPriority                         0x00018129   Thumb Code   110  app_timer.o(.text)
    rtc1_init                                0x00018197   Thumb Code    18  app_timer.o(.text)
    rtc1_start                               0x000181a9   Thumb Code    48  app_timer.o(.text)
    rtc1_stop                                0x000181d9   Thumb Code    68  app_timer.o(.text)
    timer_list_insert                        0x0001821d   Thumb Code   212  app_timer.o(.text)
    timer_list_remove                        0x000182f1   Thumb Code   170  app_timer.o(.text)
    timer_timeouts_check_sched               0x0001839b   Thumb Code    10  app_timer.o(.text)
    timer_list_handler_sched                 0x000183a5   Thumb Code    10  app_timer.o(.text)
    timeout_handler_exec                     0x000183af   Thumb Code    60  app_timer.o(.text)
    timer_timeouts_check                     0x000183eb   Thumb Code   132  app_timer.o(.text)
    elapsed_ticks_acquire                    0x0001846f   Thumb Code    82  app_timer.o(.text)
    list_deletions_handler                   0x000184c1   Thumb Code   284  app_timer.o(.text)
    expired_timers_handler                   0x000185dd   Thumb Code   100  app_timer.o(.text)
    list_insertions_handler                  0x00018641   Thumb Code   264  app_timer.o(.text)
    compare_reg_update                       0x00018749   Thumb Code   124  app_timer.o(.text)
    timer_list_handler                       0x000187c5   Thumb Code    70  app_timer.o(.text)
    user_op_enque                            0x0001880b   Thumb Code     4  app_timer.o(.text)
    user_op_alloc                            0x0001880f   Thumb Code    44  app_timer.o(.text)
    timer_start_op_schedule                  0x0001883b   Thumb Code    80  app_timer.o(.text)
    timer_stop_op_schedule                   0x0001888b   Thumb Code    58  app_timer.o(.text)
    timer_stop_all_op_schedule               0x000188c5   Thumb Code    58  app_timer.o(.text)
    user_id_get                              0x00018a8f   Thumb Code    34  app_timer.o(.text)
    NVIC_EnableIRQ                           0x00018b8d   Thumb Code    14  app_timer.o(.text)
    NVIC_SetPendingIRQ                       0x00018b9b   Thumb Code    14  app_timer.o(.text)
    NVIC_ClearPendingIRQ                     0x00018ba9   Thumb Code    16  app_timer.o(.text)
    current_int_priority_get                 0x00018bb9   Thumb Code    84  app_timer.o(.text)
    rtc1_counter_get                         0x00018c0d   Thumb Code     6  app_timer.o(.text)
    ticks_diff_get                           0x00018c13   Thumb Code    10  app_timer.o(.text)
    .text                                    0x00018c4c   Section        0  softdevice_handler.o(.text)
    .text                                    0x00018e20   Section        0  ble_conn_params.o(.text)
    is_conn_params_ok                        0x00018e21   Thumb Code    30  ble_conn_params.o(.text)
    update_timeout_handler                   0x00018e3f   Thumb Code   136  ble_conn_params.o(.text)
    conn_params_negotiation                  0x00018f2d   Thumb Code   126  ble_conn_params.o(.text)
    on_connect                               0x00018fab   Thumb Code    42  ble_conn_params.o(.text)
    on_disconnect                            0x00018fd5   Thumb Code    50  ble_conn_params.o(.text)
    on_write                                 0x00019007   Thumb Code    84  ble_conn_params.o(.text)
    on_conn_params_update                    0x0001905b   Thumb Code    20  ble_conn_params.o(.text)
    .text                                    0x00019128   Section        0  pstorage.o(.text)
    cmd_queue_element_init                   0x00019129   Thumb Code    56  pstorage.o(.text)
    cmd_queue_init                           0x00019161   Thumb Code    40  pstorage.o(.text)
    swap_state_process                       0x00019189   Thumb Code   578  pstorage.o(.text)
    cmd_process                              0x000193cb   Thumb Code   382  pstorage.o(.text)
    cmd_queue_enqueue                        0x00019549   Thumb Code   138  pstorage.o(.text)
    cmd_queue_dequeue                        0x000195d3   Thumb Code    32  pstorage.o(.text)
    app_notify                               0x000195f3   Thumb Code   100  pstorage.o(.text)
    is_word_aligned                          0x00019dc7   Thumb Code    18  pstorage.o(.text)
    .text                                    0x00019de4   Section        0  device_manager_peripheral.o(.text)
    connection_instance_find                 0x00019de5   Thumb Code    64  device_manager_peripheral.o(.text)
    peer_instance_init                       0x00019e25   Thumb Code    76  device_manager_peripheral.o(.text)
    device_instance_free                     0x00019e71   Thumb Code    44  device_manager_peripheral.o(.text)
    device_instance_find                     0x00019e9d   Thumb Code    82  device_manager_peripheral.o(.text)
    connection_instance_init                 0x00019eef   Thumb Code    50  device_manager_peripheral.o(.text)
    storage_operation_dummy_handler          0x00019f21   Thumb Code     8  device_manager_peripheral.o(.text)
    gatts_context_store                      0x00019f29   Thumb Code   184  device_manager_peripheral.o(.text)
    gattc_context_store                      0x00019fe1   Thumb Code     6  device_manager_peripheral.o(.text)
    gatts_context_load                       0x00019fe7   Thumb Code    64  device_manager_peripheral.o(.text)
    gattc_context_load                       0x0001a027   Thumb Code     6  device_manager_peripheral.o(.text)
    gatts_context_apply                      0x0001a02d   Thumb Code   116  device_manager_peripheral.o(.text)
    gattc_context_apply                      0x0001a0a1   Thumb Code     6  device_manager_peripheral.o(.text)
    dm_pstorage_cb_handler                   0x0001a0c1   Thumb Code   506  device_manager_peripheral.o(.text)
    device_context_store                     0x0001a93f   Thumb Code   172  device_manager_peripheral.o(.text)
    update_status_bit_reset                  0x0001b0e7   Thumb Code    16  device_manager_peripheral.o(.text)
    device_instance_allocate                 0x0001b0f7   Thumb Code   118  device_manager_peripheral.o(.text)
    app_evt_notify                           0x0001b16d   Thumb Code    24  device_manager_peripheral.o(.text)
    no_service_context_store                 0x0001b185   Thumb Code     6  device_manager_peripheral.o(.text)
    gattsc_context_store                     0x0001b18b   Thumb Code    30  device_manager_peripheral.o(.text)
    no_service_context_load                  0x0001b1a9   Thumb Code     6  device_manager_peripheral.o(.text)
    gattsc_context_load                      0x0001b1af   Thumb Code    30  device_manager_peripheral.o(.text)
    no_service_context_apply                 0x0001b1cd   Thumb Code     6  device_manager_peripheral.o(.text)
    gattsc_context_apply                     0x0001b1d3   Thumb Code    26  device_manager_peripheral.o(.text)
    .text                                    0x0001b20c   Section        0  memcmp.o(.text)
    .text                                    0x0001b268   Section        0  strlen.o(.text)
    .text                                    0x0001b2ac   Section        0  rt_memcpy.o(.text)
    .text                                    0x0001b32e   Section        0  rt_memmove.o(.text)
    .text                                    0x0001b3c4   Section        0  rt_memclr.o(.text)
    .text                                    0x0001b404   Section      346  aeabi_sdiv.o(.text)
    .text                                    0x0001b55e   Section        0  heapauxi.o(.text)
    .text                                    0x0001b564   Section       62  sys_stackheap_outer.o(.text)
    .text                                    0x0001b5a2   Section        0  exit.o(.text)
    .text                                    0x0001b5b0   Section        8  libspace.o(.text)
    .text                                    0x0001b5b8   Section        0  sys_exit.o(.text)
    .text                                    0x0001b5c4   Section        2  use_no_semi.o(.text)
    .text                                    0x0001b5c6   Section        0  indicate_semi.o(.text)
    i.__ARM_common_switch8                   0x0001b5c6   Section        0  pstorage.o(i.__ARM_common_switch8)
    .constdata                               0x0001b5e4   Section       12  main.o(.constdata)
    .constdata                               0x0001b5f0   Section       52  device_manager_peripheral.o(.constdata)
    .conststring                             0x0001b624   Section       69  device_manager_peripheral.o(.conststring)
    .data                                    0x20002000   Section        4  system_nrf51.o(.data)
    __tagsym$$used                           0x20002000   Number         0  system_nrf51.o(.data)
    .data                                    0x20002004   Section       53  main.o(.data)
    m_conn_handle                            0x20002004   Data           2  main.o(.data)
    m_rr_interval_enabled                    0x20002006   Data           1  main.o(.data)
    m_battery_sim_state                      0x20002008   Data           8  main.o(.data)
    m_heart_rate_sim_state                   0x20002010   Data           8  main.o(.data)
    m_rr_interval_sim_state                  0x20002018   Data           8  main.o(.data)
    m_battery_timer_id                       0x20002020   Data           4  main.o(.data)
    m_heart_rate_timer_id                    0x20002024   Data           4  main.o(.data)
    m_rr_interval_timer_id                   0x20002028   Data           4  main.o(.data)
    m_sensor_contact_timer_id                0x2000202c   Data           4  main.o(.data)
    m_app_handle                             0x20002030   Data           1  main.o(.data)
    m_memory_access_in_progress              0x20002031   Data           1  main.o(.data)
    cnt                                      0x20002034   Data           4  main.o(.data)
    sensor_contact_detected                  0x20002038   Data           1  main.o(.data)
    .data                                    0x2000203a   Section       74  ble_dis.o(.data)
    service_handle                           0x2000203a   Data           2  ble_dis.o(.data)
    manufact_name_handles                    0x2000203c   Data           8  ble_dis.o(.data)
    model_num_handles                        0x20002044   Data           8  ble_dis.o(.data)
    serial_num_handles                       0x2000204c   Data           8  ble_dis.o(.data)
    hw_rev_handles                           0x20002054   Data           8  ble_dis.o(.data)
    fw_rev_handles                           0x2000205c   Data           8  ble_dis.o(.data)
    sw_rev_handles                           0x20002064   Data           8  ble_dis.o(.data)
    sys_id_handles                           0x2000206c   Data           8  ble_dis.o(.data)
    reg_cert_data_list_handles               0x20002074   Data           8  ble_dis.o(.data)
    pnp_id_handles                           0x2000207c   Data           8  ble_dis.o(.data)
    .data                                    0x20002084   Section       41  app_timer.o(.data)
    m_node_array_size                        0x20002084   Data           1  app_timer.o(.data)
    mp_nodes                                 0x20002088   Data           4  app_timer.o(.data)
    m_user_array_size                        0x2000208c   Data           1  app_timer.o(.data)
    mp_users                                 0x20002090   Data           4  app_timer.o(.data)
    m_timer_id_head                          0x20002094   Data           4  app_timer.o(.data)
    m_ticks_latest                           0x20002098   Data           4  app_timer.o(.data)
    m_ticks_elapsed                          0x2000209c   Data           8  app_timer.o(.data)
    m_ticks_elapsed_q_read_ind               0x200020a4   Data           1  app_timer.o(.data)
    m_ticks_elapsed_q_write_ind              0x200020a5   Data           1  app_timer.o(.data)
    m_evt_schedule_func                      0x200020a8   Data           4  app_timer.o(.data)
    m_rtc1_running                           0x200020ac   Data           1  app_timer.o(.data)
    .data                                    0x200020b0   Section       20  softdevice_handler.o(.data)
    m_evt_schedule_func                      0x200020b0   Data           4  softdevice_handler.o(.data)
    m_evt_buffer                             0x200020b4   Data           4  softdevice_handler.o(.data)
    m_ble_evt_buffer_size                    0x200020b8   Data           2  softdevice_handler.o(.data)
    m_softdevice_enabled                     0x200020ba   Data           1  softdevice_handler.o(.data)
    m_ble_evt_handler                        0x200020bc   Data           4  softdevice_handler.o(.data)
    m_sys_evt_handler                        0x200020c0   Data           4  softdevice_handler.o(.data)
    .data                                    0x200020c4   Section       25  ble_conn_params.o(.data)
    m_preferred_conn_params                  0x200020c4   Data           8  ble_conn_params.o(.data)
    m_update_count                           0x200020cc   Data           1  ble_conn_params.o(.data)
    m_conn_handle                            0x200020ce   Data           2  ble_conn_params.o(.data)
    m_current_conn_params                    0x200020d0   Data           8  ble_conn_params.o(.data)
    m_conn_params_timer_id                   0x200020d8   Data           4  ble_conn_params.o(.data)
    m_change_param                           0x200020dc   Data           1  ble_conn_params.o(.data)
    .data                                    0x200020e0   Section       12  pstorage.o(.data)
    m_next_app_instance                      0x200020e0   Data           2  pstorage.o(.data)
    m_next_page_addr                         0x200020e4   Data           4  pstorage.o(.data)
    m_round_val                              0x200020e8   Data           2  pstorage.o(.data)
    m_module_initialized                     0x200020ea   Data           1  pstorage.o(.data)
    m_swap_state                             0x200020eb   Data           1  pstorage.o(.data)
    .data                                    0x200020ec   Section       20  device_manager_peripheral.o(.data)
    m_storage_handle                         0x200020ec   Data           8  device_manager_peripheral.o(.data)
    m_peer_addr_update                       0x200020f4   Data           4  device_manager_peripheral.o(.data)
    m_module_initialized                     0x200020f8   Data           1  device_manager_peripheral.o(.data)
    m_irk_index_table                        0x200020f9   Data           7  device_manager_peripheral.o(.data)
    .bss                                     0x20002100   Section      948  main.o(.bss)
    m_adv_params                             0x20002100   Data          20  main.o(.bss)
    m_bas                                    0x20002114   Data          24  main.o(.bss)
    m_hrs                                    0x2000212c   Data          80  main.o(.bss)
    m_battery_sim_cfg                        0x2000217c   Data          16  main.o(.bss)
    m_heart_rate_sim_cfg                     0x2000218c   Data          16  main.o(.bss)
    m_rr_interval_sim_cfg                    0x2000219c   Data          16  main.o(.bss)
    APP_TIMER_BUF                            0x200021ac   Data         696  main.o(.bss)
    EVT_BUFFER                               0x20002464   Data          80  main.o(.bss)
    .bss                                     0x200024b4   Section       28  ble_conn_params.o(.bss)
    m_conn_params_config                     0x200024b4   Data          28  ble_conn_params.o(.bss)
    .bss                                     0x200024d0   Section      220  pstorage.o(.bss)
    m_cmd_queue                              0x200024d0   Data         204  pstorage.o(.bss)
    m_app_table                              0x2000259c   Data          16  pstorage.o(.bss)
    .bss                                     0x200025ac   Section      268  device_manager_peripheral.o(.bss)
    m_peer_table                             0x200025ac   Data         196  device_manager_peripheral.o(.bss)
    m_bond_table                             0x20002670   Data          24  device_manager_peripheral.o(.bss)
    m_gatts_table                            0x20002688   Data          24  device_manager_peripheral.o(.bss)
    m_connection_table                       0x200026a0   Data          12  device_manager_peripheral.o(.bss)
    m_application_table                      0x200026ac   Data          12  device_manager_peripheral.o(.bss)
    .bss                                     0x200026b8   Section       96  libspace.o(.bss)
    HEAP                                     0x20002718   Section     2048  arm_startup_nrf51.o(HEAP)
    Heap_Mem                                 0x20002718   Data        2048  arm_startup_nrf51.o(HEAP)
    STACK                                    0x20002f18   Section     2048  arm_startup_nrf51.o(STACK)
    Stack_Mem                                0x20002f18   Data        2048  arm_startup_nrf51.o(STACK)
    __initial_sp                             0x20003718   Data           0  arm_startup_nrf51.o(STACK)

    Global Symbols

    Symbol Name                              Value     Ov Type        Size  Object(Section)

    BuildAttributes$$THM_ISAv3M$S$PE$A:L22$X:L11$S22$IEEE1$IW$USESV6$~STKCKD$USESV7$~SHL$OSPACE$ROPI$EBA8$UX$STANDARDLIB$REQ8$PRES8$EABIv2 0x00000000   Number         0  anon$$obj.o ABSOLUTE
    __ARM_use_no_argv                        0x00000000   Number         0  main.o ABSOLUTE
    __ARM_exceptions_init                     - Undefined Weak Reference
    __alloca_initialize                       - Undefined Weak Reference
    __arm_preinit_                            - Undefined Weak Reference
    __cpp_initialize__aeabi_                  - Undefined Weak Reference
    __cxa_finalize                            - Undefined Weak Reference
    __rt_locale                               - Undefined Weak Reference
    __sigvec_lookup                           - Undefined Weak Reference
    _atexit_init                              - Undefined Weak Reference
    _call_atexit_fns                          - Undefined Weak Reference
    _clock_init                               - Undefined Weak Reference
    _fp_trap_init                             - Undefined Weak Reference
    _fp_trap_shutdown                         - Undefined Weak Reference
    _get_lc_collate                           - Undefined Weak Reference
    _get_lc_ctype                             - Undefined Weak Reference
    _get_lc_monetary                          - Undefined Weak Reference
    _get_lc_numeric                           - Undefined Weak Reference
    _get_lc_time                              - Undefined Weak Reference
    _getenv_init                              - Undefined Weak Reference
    _handle_redirection                       - Undefined Weak Reference
    _init_alloc                               - Undefined Weak Reference
    _init_user_alloc                          - Undefined Weak Reference
    _initio                                   - Undefined Weak Reference
    _rand_init                                - Undefined Weak Reference
    _signal_finish                            - Undefined Weak Reference
    _signal_init                              - Undefined Weak Reference
    _terminate_alloc                          - Undefined Weak Reference
    _terminate_user_alloc                     - Undefined Weak Reference
    _terminateio                              - Undefined Weak Reference
    __Vectors_Size                           0x000000c0   Number         0  arm_startup_nrf51.o ABSOLUTE
    __Vectors                                0x00016000   Data           4  arm_startup_nrf51.o(RESET)
    __Vectors_End                            0x000160c0   Data           0  arm_startup_nrf51.o(RESET)
    __main                                   0x000160c1   Thumb Code     8  __main.o(!!!main)
    __scatterload                            0x000160c9   Thumb Code     0  __scatter.o(!!!scatter)
    __scatterload_rt2                        0x000160c9   Thumb Code    52  __scatter.o(!!!scatter)
    __scatterload_rt2_thumb_only             0x000160c9   Thumb Code     0  __scatter.o(!!!scatter)
    __scatterload_null                       0x000160d9   Thumb Code     0  __scatter.o(!!!scatter)
    __scatterload_copy                       0x00016105   Thumb Code    26  __scatter_copy.o(!!handler_copy)
    __scatterload_zeroinit                   0x00016121   Thumb Code    28  __scatter_zi.o(!!handler_zi)
    __rt_lib_init                            0x0001613d   Thumb Code     0  libinit.o(.ARM.Collect$$libinit$$00000000)
    __rt_lib_init_alloca_1                   0x0001613f   Thumb Code     0  libinit2.o(.ARM.Collect$$libinit$$0000002E)
    __rt_lib_init_argv_1                     0x0001613f   Thumb Code     0  libinit2.o(.ARM.Collect$$libinit$$0000002C)
    __rt_lib_init_atexit_1                   0x0001613f   Thumb Code     0  libinit2.o(.ARM.Collect$$libinit$$0000001B)
    __rt_lib_init_clock_1                    0x0001613f   Thumb Code     0  libinit2.o(.ARM.Collect$$libinit$$00000021)
    __rt_lib_init_cpp_1                      0x0001613f   Thumb Code     0  libinit2.o(.ARM.Collect$$libinit$$00000032)
    __rt_lib_init_exceptions_1               0x0001613f   Thumb Code     0  libinit2.o(.ARM.Collect$$libinit$$00000030)
    __rt_lib_init_fp_1                       0x0001613f   Thumb Code     0  libinit2.o(.ARM.Collect$$libinit$$00000002)
    __rt_lib_init_fp_trap_1                  0x0001613f   Thumb Code     0  libinit2.o(.ARM.Collect$$libinit$$0000001F)
    __rt_lib_init_getenv_1                   0x0001613f   Thumb Code     0  libinit2.o(.ARM.Collect$$libinit$$00000023)
    __rt_lib_init_heap_1                     0x0001613f   Thumb Code     0  libinit2.o(.ARM.Collect$$libinit$$0000000A)
    __rt_lib_init_lc_collate_1               0x0001613f   Thumb Code     0  libinit2.o(.ARM.Collect$$libinit$$00000011)
    __rt_lib_init_lc_ctype_1                 0x0001613f   Thumb Code     0  libinit2.o(.ARM.Collect$$libinit$$00000013)
    __rt_lib_init_lc_monetary_1              0x0001613f   Thumb Code     0  libinit2.o(.ARM.Collect$$libinit$$00000015)
    __rt_lib_init_lc_numeric_1               0x0001613f   Thumb Code     0  libinit2.o(.ARM.Collect$$libinit$$00000017)
    __rt_lib_init_lc_time_1                  0x0001613f   Thumb Code     0  libinit2.o(.ARM.Collect$$libinit$$00000019)
    __rt_lib_init_preinit_1                  0x0001613f   Thumb Code     0  libinit2.o(.ARM.Collect$$libinit$$00000004)
    __rt_lib_init_rand_1                     0x0001613f   Thumb Code     0  libinit2.o(.ARM.Collect$$libinit$$0000000E)
    __rt_lib_init_return                     0x0001613f   Thumb Code     0  libinit2.o(.ARM.Collect$$libinit$$00000033)
    __rt_lib_init_signal_1                   0x0001613f   Thumb Code     0  libinit2.o(.ARM.Collect$$libinit$$0000001D)
    __rt_lib_init_stdio_1                    0x0001613f   Thumb Code     0  libinit2.o(.ARM.Collect$$libinit$$00000025)
    __rt_lib_init_user_alloc_1               0x0001613f   Thumb Code     0  libinit2.o(.ARM.Collect$$libinit$$0000000C)
    __rt_lib_shutdown                        0x00016141   Thumb Code     0  libshutdown.o(.ARM.Collect$$libshutdown$$00000000)
    __rt_lib_shutdown_fp_trap_1              0x00016143   Thumb Code     0  libshutdown2.o(.ARM.Collect$$libshutdown$$00000006)
    __rt_lib_shutdown_heap_1                 0x00016143   Thumb Code     0  libshutdown2.o(.ARM.Collect$$libshutdown$$0000000E)
    __rt_lib_shutdown_return                 0x00016143   Thumb Code     0  libshutdown2.o(.ARM.Collect$$libshutdown$$0000000F)
    __rt_lib_shutdown_signal_1               0x00016143   Thumb Code     0  libshutdown2.o(.ARM.Collect$$libshutdown$$00000009)
    __rt_lib_shutdown_stdio_1                0x00016143   Thumb Code     0  libshutdown2.o(.ARM.Collect$$libshutdown$$00000003)
    __rt_lib_shutdown_user_alloc_1           0x00016143   Thumb Code     0  libshutdown2.o(.ARM.Collect$$libshutdown$$0000000B)
    __rt_entry                               0x00016145   Thumb Code     0  __rtentry.o(.ARM.Collect$$rtentry$$00000000)
    __rt_entry_presh_1                       0x00016145   Thumb Code     0  __rtentry2.o(.ARM.Collect$$rtentry$$00000002)
    __rt_entry_sh                            0x00016145   Thumb Code     0  __rtentry4.o(.ARM.Collect$$rtentry$$00000004)
    __rt_entry_li                            0x0001614b   Thumb Code     0  __rtentry2.o(.ARM.Collect$$rtentry$$0000000A)
    __rt_entry_postsh_1                      0x0001614b   Thumb Code     0  __rtentry2.o(.ARM.Collect$$rtentry$$00000009)
    __rt_entry_main                          0x0001614f   Thumb Code     0  __rtentry2.o(.ARM.Collect$$rtentry$$0000000D)
    __rt_entry_postli_1                      0x0001614f   Thumb Code     0  __rtentry2.o(.ARM.Collect$$rtentry$$0000000C)
    __rt_exit                                0x00016157   Thumb Code     0  rtexit.o(.ARM.Collect$$rtexit$$00000000)
    __rt_exit_ls                             0x00016159   Thumb Code     0  rtexit2.o(.ARM.Collect$$rtexit$$00000003)
    __rt_exit_prels_1                        0x00016159   Thumb Code     0  rtexit2.o(.ARM.Collect$$rtexit$$00000002)
    __rt_exit_exit                           0x0001615d   Thumb Code     0  rtexit2.o(.ARM.Collect$$rtexit$$00000004)
    __asm___11_app_timer_c_cd27f9c3__nrf_delay_us 0x00016165   Thumb Code    30  app_timer.o(.emb_text)
    __aeabi_memcpy4                          0x00016185   Thumb Code    56  rt_memcpy.o(.emb_text)
    __aeabi_memcpy8                          0x00016185   Thumb Code     0  rt_memcpy.o(.emb_text)
    Reset_Handler                            0x000161bd   Thumb Code    26  arm_startup_nrf51.o(.text)
    NMI_Handler                              0x000161d7   Thumb Code     2  arm_startup_nrf51.o(.text)
    HardFault_Handler                        0x000161d9   Thumb Code     2  arm_startup_nrf51.o(.text)
    SVC_Handler                              0x000161db   Thumb Code     2  arm_startup_nrf51.o(.text)
    PendSV_Handler                           0x000161dd   Thumb Code     2  arm_startup_nrf51.o(.text)
    SysTick_Handler                          0x000161df   Thumb Code     2  arm_startup_nrf51.o(.text)
    ADC_IRQHandler                           0x000161e1   Thumb Code     0  arm_startup_nrf51.o(.text)
    CCM_AAR_IRQHandler                       0x000161e1   Thumb Code     0  arm_startup_nrf51.o(.text)
    ECB_IRQHandler                           0x000161e1   Thumb Code     0  arm_startup_nrf51.o(.text)
    GPIOTE_IRQHandler                        0x000161e1   Thumb Code     0  arm_startup_nrf51.o(.text)
    LPCOMP_IRQHandler                        0x000161e1   Thumb Code     0  arm_startup_nrf51.o(.text)
    POWER_CLOCK_IRQHandler                   0x000161e1   Thumb Code     0  arm_startup_nrf51.o(.text)
    QDEC_IRQHandler                          0x000161e1   Thumb Code     0  arm_startup_nrf51.o(.text)
    RADIO_IRQHandler                         0x000161e1   Thumb Code     0  arm_startup_nrf51.o(.text)
    RNG_IRQHandler                           0x000161e1   Thumb Code     0  arm_startup_nrf51.o(.text)
    RTC0_IRQHandler                          0x000161e1   Thumb Code     0  arm_startup_nrf51.o(.text)
    SPI0_TWI0_IRQHandler                     0x000161e1   Thumb Code     0  arm_startup_nrf51.o(.text)
    SPI1_TWI1_IRQHandler                     0x000161e1   Thumb Code     0  arm_startup_nrf51.o(.text)
    SWI1_IRQHandler                          0x000161e1   Thumb Code     0  arm_startup_nrf51.o(.text)
    SWI3_IRQHandler                          0x000161e1   Thumb Code     0  arm_startup_nrf51.o(.text)
    SWI4_IRQHandler                          0x000161e1   Thumb Code     0  arm_startup_nrf51.o(.text)
    SWI5_IRQHandler                          0x000161e1   Thumb Code     0  arm_startup_nrf51.o(.text)
    TEMP_IRQHandler                          0x000161e1   Thumb Code     0  arm_startup_nrf51.o(.text)
    TIMER0_IRQHandler                        0x000161e1   Thumb Code     0  arm_startup_nrf51.o(.text)
    TIMER1_IRQHandler                        0x000161e1   Thumb Code     0  arm_startup_nrf51.o(.text)
    TIMER2_IRQHandler                        0x000161e1   Thumb Code     0  arm_startup_nrf51.o(.text)
    UART0_IRQHandler                         0x000161e1   Thumb Code     0  arm_startup_nrf51.o(.text)
    WDT_IRQHandler                           0x000161e1   Thumb Code     0  arm_startup_nrf51.o(.text)
    __user_initial_stackheap                 0x000161e5   Thumb Code     0  arm_startup_nrf51.o(.text)
    SystemCoreClockUpdate                    0x00016211   Thumb Code     8  system_nrf51.o(.text)
    SystemInit                               0x000162b5   Thumb Code    38  system_nrf51.o(.text)
    app_error_handler                        0x00016311   Thumb Code   122  main.o(.text)
    assert_nrf_callback                      0x0001638b   Thumb Code    18  main.o(.text)
    main                                     0x00016de3   Thumb Code    56  main.o(.text)
    ble_dis_init                             0x000170d1   Thumb Code   386  ble_dis.o(.text)
    ble_bas_on_ble_evt                       0x00017327   Thumb Code    58  ble_bas.o(.text)
    ble_bas_init                             0x00017521   Thumb Code    66  ble_bas.o(.text)
    ble_bas_battery_level_update             0x00017563   Thumb Code   118  ble_bas.o(.text)
    ble_hrs_on_ble_evt                       0x0001764f   Thumb Code    58  ble_hrs.o(.text)
    ble_hrs_init                             0x000178d5   Thumb Code   108  ble_hrs.o(.text)
    ble_hrs_heart_rate_measurement_send      0x00017941   Thumb Code    94  ble_hrs.o(.text)
    ble_hrs_rr_interval_add                  0x0001799f   Thumb Code    60  ble_hrs.o(.text)
    ble_hrs_rr_interval_buffer_is_full       0x000179db   Thumb Code    18  ble_hrs.o(.text)
    ble_hrs_sensor_contact_supported_set     0x000179ed   Thumb Code    20  ble_hrs.o(.text)
    ble_hrs_sensor_contact_detected_update   0x00017a01   Thumb Code     6  ble_hrs.o(.text)
    ble_hrs_body_sensor_location_set         0x00017a07   Thumb Code    24  ble_hrs.o(.text)
    ble_advdata_set                          0x00017fad   Thumb Code   122  ble_advdata.o(.text)
    ble_srv_report_ref_encode                0x0001803d   Thumb Code    60  ble_srv_common.o(.text)
    ble_srv_ascii_to_utf8                    0x00018079   Thumb Code    18  ble_srv_common.o(.text)
    ble_sensorsim_init                       0x000180c5   Thumb Code    26  ble_sensorsim.o(.text)
    ble_sensorsim_measure                    0x000180df   Thumb Code    74  ble_sensorsim.o(.text)
    RTC1_IRQHandler                          0x000188ff   Thumb Code    34  app_timer.o(.text)
    SWI0_IRQHandler                          0x00018921   Thumb Code     8  app_timer.o(.text)
    app_timer_init                           0x00018929   Thumb Code   250  app_timer.o(.text)
    app_timer_create                         0x00018a23   Thumb Code   108  app_timer.o(.text)
    app_timer_start                          0x00018ab1   Thumb Code    98  app_timer.o(.text)
    app_timer_stop                           0x00018b13   Thumb Code    60  app_timer.o(.text)
    app_timer_stop_all                       0x00018b4f   Thumb Code    26  app_timer.o(.text)
    app_timer_cnt_get                        0x00018b69   Thumb Code    14  app_timer.o(.text)
    app_timer_cnt_diff_compute               0x00018b77   Thumb Code    22  app_timer.o(.text)
    softdevice_assertion_handler             0x00018c4d   Thumb Code    18  softdevice_handler.o(.text)
    intern_softdevice_events_execute         0x00018c5f   Thumb Code   168  softdevice_handler.o(.text)
    softdevice_handler_init                  0x00018d07   Thumb Code    84  softdevice_handler.o(.text)
    softdevice_handler_sd_disable            0x00018d5b   Thumb Code    24  softdevice_handler.o(.text)
    softdevice_ble_evt_handler_set           0x00018d73   Thumb Code    18  softdevice_handler.o(.text)
    softdevice_sys_evt_handler_set           0x00018d85   Thumb Code    18  softdevice_handler.o(.text)
    SWI2_IRQHandler                          0x00018d97   Thumb Code    52  softdevice_handler.o(.text)
    ble_conn_params_init                     0x00018ec7   Thumb Code    90  ble_conn_params.o(.text)
    ble_conn_params_stop                     0x00018f21   Thumb Code    12  ble_conn_params.o(.text)
    ble_conn_params_on_ble_evt               0x0001906f   Thumb Code    62  ble_conn_params.o(.text)
    ble_conn_params_change_conn_params       0x000190ad   Thumb Code    86  ble_conn_params.o(.text)
    pstorage_sys_event_handler               0x00019657   Thumb Code   326  pstorage.o(.text)
    pstorage_init                            0x0001979d   Thumb Code   196  pstorage.o(.text)
    pstorage_register                        0x00019861   Thumb Code   396  pstorage.o(.text)
    pstorage_block_identifier_get            0x000199ed   Thumb Code   136  pstorage.o(.text)
    pstorage_store                           0x00019a75   Thumb Code   202  pstorage.o(.text)
    pstorage_update                          0x00019b3f   Thumb Code   202  pstorage.o(.text)
    pstorage_load                            0x00019c09   Thumb Code   226  pstorage.o(.text)
    pstorage_clear                           0x00019ceb   Thumb Code   184  pstorage.o(.text)
    pstorage_access_status_get               0x00019da3   Thumb Code    36  pstorage.o(.text)
    dm_handle_initialize                     0x0001a0a7   Thumb Code    26  device_manager_peripheral.o(.text)
    dm_init                                  0x0001a2bb   Thumb Code   222  device_manager_peripheral.o(.text)
    dm_register                              0x0001a399   Thumb Code    98  device_manager_peripheral.o(.text)
    dm_security_setup_req                    0x0001a3fb   Thumb Code   140  device_manager_peripheral.o(.text)
    dm_security_status_req                   0x0001a487   Thumb Code   158  device_manager_peripheral.o(.text)
    dm_whitelist_create                      0x0001a525   Thumb Code   194  device_manager_peripheral.o(.text)
    dm_device_add                            0x0001a5e7   Thumb Code     8  device_manager_peripheral.o(.text)
    dm_device_delete                         0x0001a5ef   Thumb Code   142  device_manager_peripheral.o(.text)
    dm_device_delete_all                     0x0001a67d   Thumb Code    98  device_manager_peripheral.o(.text)
    dm_service_context_set                   0x0001a6df   Thumb Code   210  device_manager_peripheral.o(.text)
    dm_service_context_get                   0x0001a7b1   Thumb Code   204  device_manager_peripheral.o(.text)
    dm_service_context_delete                0x0001a87d   Thumb Code    96  device_manager_peripheral.o(.text)
    dm_application_context_set               0x0001a8dd   Thumb Code     8  device_manager_peripheral.o(.text)
    dm_application_context_get               0x0001a8e5   Thumb Code     8  device_manager_peripheral.o(.text)
    dm_application_context_delete            0x0001a8ed   Thumb Code     8  device_manager_peripheral.o(.text)
    dm_application_instance_set              0x0001a8f5   Thumb Code    74  device_manager_peripheral.o(.text)
    dm_peer_addr_set                         0x0001a9eb   Thumb Code   228  device_manager_peripheral.o(.text)
    dm_peer_addr_get                         0x0001aacf   Thumb Code   176  device_manager_peripheral.o(.text)
    bond_data_load                           0x0001ab7f   Thumb Code    62  device_manager_peripheral.o(.text)
    dm_ble_evt_handler                       0x0001abbd   Thumb Code  1322  device_manager_peripheral.o(.text)
    memcmp                                   0x0001b20d   Thumb Code    90  memcmp.o(.text)
    strlen                                   0x0001b269   Thumb Code    62  strlen.o(.text)
    __aeabi_memcpy                           0x0001b2ad   Thumb Code   130  rt_memcpy.o(.text)
    __rt_memcpy                              0x0001b2ad   Thumb Code     0  rt_memcpy.o(.text)
    __aeabi_memmove4                         0x0001b32f   Thumb Code    70  rt_memmove.o(.text)
    __aeabi_memmove8                         0x0001b32f   Thumb Code     0  rt_memmove.o(.text)
    __aeabi_memmove                          0x0001b375   Thumb Code    80  rt_memmove.o(.text)
    __rt_memmove                             0x0001b375   Thumb Code     0  rt_memmove.o(.text)
    _memset_w                                0x0001b3c5   Thumb Code    26  rt_memclr.o(.text)
    _memset                                  0x0001b3df   Thumb Code    30  rt_memclr.o(.text)
    __aeabi_memclr                           0x0001b3fd   Thumb Code     4  rt_memclr.o(.text)
    __rt_memclr                              0x0001b3fd   Thumb Code     0  rt_memclr.o(.text)
    __aeabi_memclr4                          0x0001b401   Thumb Code     0  rt_memclr.o(.text)
    __aeabi_memclr8                          0x0001b401   Thumb Code     0  rt_memclr.o(.text)
    __rt_memclr_w                            0x0001b401   Thumb Code     4  rt_memclr.o(.text)
    __aeabi_uidiv                            0x0001b405   Thumb Code     0  aeabi_sdiv.o(.text)
    __aeabi_uidivmod                         0x0001b405   Thumb Code    20  aeabi_sdiv.o(.text)
    __aeabi_idiv                             0x0001b419   Thumb Code     0  aeabi_sdiv.o(.text)
    __aeabi_idivmod                          0x0001b419   Thumb Code   326  aeabi_sdiv.o(.text)
    __use_two_region_memory                  0x0001b55f   Thumb Code     2  heapauxi.o(.text)
    __rt_heap_escrow$2region                 0x0001b561   Thumb Code     2  heapauxi.o(.text)
    __rt_heap_expand$2region                 0x0001b563   Thumb Code     2  heapauxi.o(.text)
    __user_setup_stackheap                   0x0001b565   Thumb Code    62  sys_stackheap_outer.o(.text)
    exit                                     0x0001b5a3   Thumb Code    12  exit.o(.text)
    __user_libspace                          0x0001b5b1   Thumb Code     8  libspace.o(.text)
    __user_perproc_libspace                  0x0001b5b1   Thumb Code     0  libspace.o(.text)
    __user_perthread_libspace                0x0001b5b1   Thumb Code     0  libspace.o(.text)
    _sys_exit                                0x0001b5b9   Thumb Code     8  sys_exit.o(.text)
    __I$use$semihosting                      0x0001b5c5   Thumb Code     0  use_no_semi.o(.text)
    __use_no_semihosting_swi                 0x0001b5c5   Thumb Code     2  use_no_semi.o(.text)
    __ARM_common_switch8                     0x0001b5c7   Thumb Code    28  pstorage.o(i.__ARM_common_switch8)
    __semihosting_library_function           0x0001b5c7   Thumb Code     0  indicate_semi.o(.text)
    m_service_context_store                  0x0001b5f0   Data          16  device_manager_peripheral.o(.constdata)
    m_service_context_load                   0x0001b600   Data          16  device_manager_peripheral.o(.constdata)
    m_service_context_apply                  0x0001b610   Data          16  device_manager_peripheral.o(.constdata)
    m_context_init_len                       0x0001b620   Data           4  device_manager_peripheral.o(.constdata)
    Region$$Table$$Base                      0x0001b66c   Number         0  anon$$obj.o(Region$$Table)
    Region$$Table$$Limit                     0x0001b68c   Number         0  anon$$obj.o(Region$$Table)
    SystemCoreClock                          0x20002000   Data           4  system_nrf51.o(.data)
    __libspace_start                         0x200026b8   Data          96  libspace.o(.bss)
    __temporary_stack_top$libspace           0x20002718   Data           0  libspace.o(.bss)



==============================================================================

Memory Map of the image

  Image Entry point : 0x000160c1

  Load Region LR_IROM1 (Base: 0x00016000, Size: 0x0000578c, Max: 0x00029000, ABSOLUTE)

    Execution Region ER_IROM1 (Base: 0x00016000, Size: 0x0000568c, Max: 0x00029000, ABSOLUTE)

    Base Addr    Size         Type   Attr      Idx    E Section Name        Object

    0x00016000   0x000000c0   Data   RO            3    RESET               arm_startup_nrf51.o
    0x000160c0   0x00000008   Code   RO          816  * !!!main             c_p.l(__main.o)
    0x000160c8   0x0000003c   Code   RO          984    !!!scatter          c_p.l(__scatter.o)
    0x00016104   0x0000001a   Code   RO          986    !!handler_copy      c_p.l(__scatter_copy.o)
    0x0001611e   0x00000002   PAD
    0x00016120   0x0000001c   Code   RO          988    !!handler_zi        c_p.l(__scatter_zi.o)
    0x0001613c   0x00000002   Code   RO          854    .ARM.Collect$$libinit$$00000000  c_p.l(libinit.o)
    0x0001613e   0x00000000   Code   RO          868    .ARM.Collect$$libinit$$00000002  c_p.l(libinit2.o)
    0x0001613e   0x00000000   Code   RO          870    .ARM.Collect$$libinit$$00000004  c_p.l(libinit2.o)
    0x0001613e   0x00000000   Code   RO          873    .ARM.Collect$$libinit$$0000000A  c_p.l(libinit2.o)
    0x0001613e   0x00000000   Code   RO          875    .ARM.Collect$$libinit$$0000000C  c_p.l(libinit2.o)
    0x0001613e   0x00000000   Code   RO          877    .ARM.Collect$$libinit$$0000000E  c_p.l(libinit2.o)
    0x0001613e   0x00000000   Code   RO          880    .ARM.Collect$$libinit$$00000011  c_p.l(libinit2.o)
    0x0001613e   0x00000000   Code   RO          882    .ARM.Collect$$libinit$$00000013  c_p.l(libinit2.o)
    0x0001613e   0x00000000   Code   RO          884    .ARM.Collect$$libinit$$00000015  c_p.l(libinit2.o)
    0x0001613e   0x00000000   Code   RO          886    .ARM.Collect$$libinit$$00000017  c_p.l(libinit2.o)
    0x0001613e   0x00000000   Code   RO          888    .ARM.Collect$$libinit$$00000019  c_p.l(libinit2.o)
    0x0001613e   0x00000000   Code   RO          890    .ARM.Collect$$libinit$$0000001B  c_p.l(libinit2.o)
    0x0001613e   0x00000000   Code   RO          892    .ARM.Collect$$libinit$$0000001D  c_p.l(libinit2.o)
    0x0001613e   0x00000000   Code   RO          894    .ARM.Collect$$libinit$$0000001F  c_p.l(libinit2.o)
    0x0001613e   0x00000000   Code   RO          896    .ARM.Collect$$libinit$$00000021  c_p.l(libinit2.o)
    0x0001613e   0x00000000   Code   RO          898    .ARM.Collect$$libinit$$00000023  c_p.l(libinit2.o)
    0x0001613e   0x00000000   Code   RO          900    .ARM.Collect$$libinit$$00000025  c_p.l(libinit2.o)
    0x0001613e   0x00000000   Code   RO          904    .ARM.Collect$$libinit$$0000002C  c_p.l(libinit2.o)
    0x0001613e   0x00000000   Code   RO          906    .ARM.Collect$$libinit$$0000002E  c_p.l(libinit2.o)
    0x0001613e   0x00000000   Code   RO          908    .ARM.Collect$$libinit$$00000030  c_p.l(libinit2.o)
    0x0001613e   0x00000000   Code   RO          910    .ARM.Collect$$libinit$$00000032  c_p.l(libinit2.o)
    0x0001613e   0x00000002   Code   RO          911    .ARM.Collect$$libinit$$00000033  c_p.l(libinit2.o)
    0x00016140   0x00000002   Code   RO          942    .ARM.Collect$$libshutdown$$00000000  c_p.l(libshutdown.o)
    0x00016142   0x00000000   Code   RO          969    .ARM.Collect$$libshutdown$$00000003  c_p.l(libshutdown2.o)
    0x00016142   0x00000000   Code   RO          972    .ARM.Collect$$libshutdown$$00000006  c_p.l(libshutdown2.o)
    0x00016142   0x00000000   Code   RO          975    .ARM.Collect$$libshutdown$$00000009  c_p.l(libshutdown2.o)
    0x00016142   0x00000000   Code   RO          977    .ARM.Collect$$libshutdown$$0000000B  c_p.l(libshutdown2.o)
    0x00016142   0x00000000   Code   RO          980    .ARM.Collect$$libshutdown$$0000000E  c_p.l(libshutdown2.o)
    0x00016142   0x00000002   Code   RO          981    .ARM.Collect$$libshutdown$$0000000F  c_p.l(libshutdown2.o)
    0x00016144   0x00000000   Code   RO          818    .ARM.Collect$$rtentry$$00000000  c_p.l(__rtentry.o)
    0x00016144   0x00000000   Code   RO          824    .ARM.Collect$$rtentry$$00000002  c_p.l(__rtentry2.o)
    0x00016144   0x00000006   Code   RO          836    .ARM.Collect$$rtentry$$00000004  c_p.l(__rtentry4.o)
    0x0001614a   0x00000000   Code   RO          826    .ARM.Collect$$rtentry$$00000009  c_p.l(__rtentry2.o)
    0x0001614a   0x00000004   Code   RO          827    .ARM.Collect$$rtentry$$0000000A  c_p.l(__rtentry2.o)
    0x0001614e   0x00000000   Code   RO          829    .ARM.Collect$$rtentry$$0000000C  c_p.l(__rtentry2.o)
    0x0001614e   0x00000008   Code   RO          830    .ARM.Collect$$rtentry$$0000000D  c_p.l(__rtentry2.o)
    0x00016156   0x00000002   Code   RO          859    .ARM.Collect$$rtexit$$00000000  c_p.l(rtexit.o)
    0x00016158   0x00000000   Code   RO          915    .ARM.Collect$$rtexit$$00000002  c_p.l(rtexit2.o)
    0x00016158   0x00000004   Code   RO          916    .ARM.Collect$$rtexit$$00000003  c_p.l(rtexit2.o)
    0x0001615c   0x00000006   Code   RO          917    .ARM.Collect$$rtexit$$00000004  c_p.l(rtexit2.o)
    0x00016162   0x00000002   PAD
    0x00016164   0x0000001e   Code   RO          456    .emb_text           app_timer.o
    0x00016182   0x00000002   PAD
    0x00016184   0x00000038   Code   RO          800    .emb_text           c_p.l(rt_memcpy.o)
    0x000161bc   0x00000054   Code   RO            4    .text               arm_startup_nrf51.o
    0x00016210   0x000000e8   Code   RO           12    .text               system_nrf51.o
    0x000162f8   0x00000bb8   Code   RO           69    .text               main.o
    0x00016eb0   0x00000418   Code   RO          255    .text               ble_dis.o
    0x000172c8   0x00000320   Code   RO          317    .text               ble_bas.o
    0x000175e8   0x00000454   Code   RO          356    .text               ble_hrs.o
    0x00017a3c   0x00000600   Code   RO          406    .text               ble_advdata.o
    0x0001803c   0x00000088   Code   RO          424    .text               ble_srv_common.o
    0x000180c4   0x00000064   Code   RO          439    .text               ble_sensorsim.o
    0x00018128   0x00000b24   Code   RO          457    .text               app_timer.o
    0x00018c4c   0x000001d4   Code   RO          513    .text               softdevice_handler.o
    0x00018e20   0x00000308   Code   RO          578    .text               ble_conn_params.o
    0x00019128   0x00000cbc   Code   RO          608    .text               pstorage.o
    0x00019de4   0x00001428   Code   RO          758    .text               device_manager_peripheral.o
    0x0001b20c   0x0000005a   Code   RO          796    .text               c_p.l(memcmp.o)
    0x0001b266   0x00000002   PAD
    0x0001b268   0x00000044   Code   RO          798    .text               c_p.l(strlen.o)
    0x0001b2ac   0x00000082   Code   RO          801    .text               c_p.l(rt_memcpy.o)
    0x0001b32e   0x00000096   Code   RO          804    .text               c_p.l(rt_memmove.o)
    0x0001b3c4   0x00000040   Code   RO          806    .text               c_p.l(rt_memclr.o)
    0x0001b404   0x0000015a   Code   RO          810    .text               c_p.l(aeabi_sdiv.o)
    0x0001b55e   0x00000006   Code   RO          814    .text               c_p.l(heapauxi.o)
    0x0001b564   0x0000003e   Code   RO          840    .text               c_p.l(sys_stackheap_outer.o)
    0x0001b5a2   0x0000000c   Code   RO          843    .text               c_p.l(exit.o)
    0x0001b5ae   0x00000002   PAD
    0x0001b5b0   0x00000008   Code   RO          855    .text               c_p.l(libspace.o)
    0x0001b5b8   0x0000000c   Code   RO          912    .text               c_p.l(sys_exit.o)
    0x0001b5c4   0x00000002   Code   RO          931    .text               c_p.l(use_no_semi.o)
    0x0001b5c6   0x00000000   Code   RO          933    .text               c_p.l(indicate_semi.o)
    0x0001b5c6   0x0000001c   Code   RO          626    i.__ARM_common_switch8  pstorage.o
    0x0001b5e2   0x00000002   PAD
    0x0001b5e4   0x0000000c   Data   RO           71    .constdata          main.o
    0x0001b5f0   0x00000034   Data   RO          760    .constdata          device_manager_peripheral.o
    0x0001b624   0x00000045   Data   RO          761    .conststring        device_manager_peripheral.o
    0x0001b669   0x00000003   PAD
    0x0001b66c   0x00000020   Data   RO          982    Region$$Table       anon$$obj.o


    Execution Region RW_IRAM1 (Base: 0x20002000, Size: 0x00001718, Max: 0x00002000, ABSOLUTE)

    Base Addr    Size         Type   Attr      Idx    E Section Name        Object

    0x20002000   0x00000004   Data   RW           13    .data               system_nrf51.o
    0x20002004   0x00000035   Data   RW           72    .data               main.o
    0x20002039   0x00000001   PAD
    0x2000203a   0x0000004a   Data   RW          256    .data               ble_dis.o
    0x20002084   0x00000029   Data   RW          458    .data               app_timer.o
    0x200020ad   0x00000003   PAD
    0x200020b0   0x00000014   Data   RW          514    .data               softdevice_handler.o
    0x200020c4   0x00000019   Data   RW          580    .data               ble_conn_params.o
    0x200020dd   0x00000003   PAD
    0x200020e0   0x0000000c   Data   RW          610    .data               pstorage.o
    0x200020ec   0x00000014   Data   RW          762    .data               device_manager_peripheral.o
    0x20002100   0x000003b4   Zero   RW           70    .bss                main.o
    0x200024b4   0x0000001c   Zero   RW          579    .bss                ble_conn_params.o
    0x200024d0   0x000000dc   Zero   RW          609    .bss                pstorage.o
    0x200025ac   0x0000010c   Zero   RW          759    .bss                device_manager_peripheral.o
    0x200026b8   0x00000060   Zero   RW          856    .bss                c_p.l(libspace.o)
    0x20002718   0x00000800   Zero   RW            2    HEAP                arm_startup_nrf51.o
    0x20002f18   0x00000800   Zero   RW            1    STACK               arm_startup_nrf51.o


==============================================================================

Image component sizes


      Code (inc. data)   RO Data    RW Data    ZI Data      Debug   Object Name

      2882        202          0         41          0      25013   app_timer.o
        84         36        192          0       4096        728   arm_startup_nrf51.o
      1536          4          0          0          0       8590   ble_advdata.o
       800         16          0          0          0      34575   ble_bas.o
       776         38          0         25         28       7510   ble_conn_params.o
      1048        100          0         74          0      33151   ble_dis.o
      1108         12          0          0          0       9350   ble_hrs.o
       100          0          0          0          0       1831   ble_sensorsim.o
       136         58          0          0          0       1610   ble_srv_common.o
      5160        228        121         20        268      24664   device_manager_peripheral.o
      3000        274         12         53        948      85877   main.o
      3288         94          0         12        220      12350   pstorage.o
       468         86          0         20          0      36032   softdevice_handler.o
       232         30          0          4          0      21681   system_nrf51.o

    ----------------------------------------------------------------------
     20622       1178        360        256       5560     302962   Object Totals
         0          0         32          0          0          0   (incl. Generated)
         4          0          3          7          0          0   (incl. Padding)

    ----------------------------------------------------------------------

      Code (inc. data)   RO Data    RW Data    ZI Data      Debug   Library Member Name

         8          0          0          0          0         68   __main.o
         0          0          0          0          0          0   __rtentry.o
        12          0          0          0          0          0   __rtentry2.o
         6          0          0          0          0          0   __rtentry4.o
        60          8          0          0          0          0   __scatter.o
        26          0          0          0          0          0   __scatter_copy.o
        28          0          0          0          0          0   __scatter_zi.o
       346          0          0          0          0         92   aeabi_sdiv.o
        12          0          0          0          0         64   exit.o
         6          0          0          0          0        136   heapauxi.o
         0          0          0          0          0          0   indicate_semi.o
         2          0          0          0          0          0   libinit.o
         2          0          0          0          0          0   libinit2.o
         2          0          0          0          0          0   libshutdown.o
         2          0          0          0          0          0   libshutdown2.o
         8          4          0          0         96         68   libspace.o
        90          0          0          0          0         68   memcmp.o
        64          0          0          0          0        108   rt_memclr.o
       186          0          0          0          0        144   rt_memcpy.o
       150          0          0          0          0        104   rt_memmove.o
         2          0          0          0          0          0   rtexit.o
        10          0          0          0          0          0   rtexit2.o
        68          6          0          0          0         72   strlen.o
        12          4          0          0          0         60   sys_exit.o
        62          0          0          0          0         80   sys_stackheap_outer.o
         2          0          0          0          0         68   use_no_semi.o

    ----------------------------------------------------------------------
      1174         22          0          0         96       1132   Library Totals
         8          0          0          0          0          0   (incl. Padding)

    ----------------------------------------------------------------------

      Code (inc. data)   RO Data    RW Data    ZI Data      Debug   Library Name

      1166         22          0          0         96       1132   c_p.l

    ----------------------------------------------------------------------
      1174         22          0          0         96       1132   Library Totals

    ----------------------------------------------------------------------

==============================================================================


      Code (inc. data)   RO Data    RW Data    ZI Data      Debug   

     21796       1200        360        256       5656     302746   Grand Totals
     21796       1200        360        256       5656     302746   ELF Image Totals
     21796       1200        360        256          0          0   ROM Totals

==============================================================================

    Total RO  Size (Code + RO Data)                22156 (  21.64kB)
    Total RW  Size (RW Data + ZI Data)              5912 (   5.77kB)
    Total ROM Size (Code + RO Data + RW Data)      22412 (  21.89kB)

==============================================================================

